Archive member included because of file (symbol)

libbb/lib.a(appletlib.o)      /opt/mips-4.3/bin/../mips-linux-gnu/libc/el/usr/lib/crt1.o (main)
libbb/lib.a(bb_basename.o)    libbb/lib.a(appletlib.o) (bb_basename)
libbb/lib.a(concat_path_file.o)
                              libbb/lib.a(appletlib.o) (concat_path_file)
libbb/lib.a(default_error_retval.o)
                              libbb/lib.a(appletlib.o) (xfunc_error_retval)
libbb/lib.a(error_msg_and_die.o)
                              libbb/lib.a(appletlib.o) (xfunc_die)
libbb/lib.a(get_last_path_component.o)
                              libbb/lib.a(appletlib.o) (bb_get_last_path_component_nostrip)
libbb/lib.a(last_char_is.o)   libbb/lib.a(concat_path_file.o) (last_char_is)
libbb/lib.a(messages.o)       libbb/lib.a(appletlib.o) (bb_banner)
libbb/lib.a(perror_msg.o)     libbb/lib.a(appletlib.o) (bb_simple_perror_msg)
libbb/lib.a(verror_msg.o)     libbb/lib.a(error_msg_and_die.o) (bb_verror_msg)
libbb/lib.a(xfuncs.o)         libbb/lib.a(concat_path_file.o) (xasprintf)
libbb/lib.a(xreadlink.o)      libbb/lib.a(appletlib.o) (xmalloc_readlink)
libbb/lib.a(copyfd.o)         libbb/lib.a(xfuncs.o) (bb_copyfd_eof)
libbb/lib.a(error_msg.o)      libbb/lib.a(xfuncs.o) (bb_error_msg)
libbb/lib.a(full_write.o)     libbb/lib.a(verror_msg.o) (full_write)
libbb/lib.a(perror_msg_and_die.o)
                              libbb/lib.a(xfuncs.o) (bb_perror_msg_and_die)
libbb/lib.a(read.o)           libbb/lib.a(copyfd.o) (safe_read)
libbb/lib.a(safe_poll.o)      libbb/lib.a(read.o) (safe_poll)
libbb/lib.a(safe_write.o)     libbb/lib.a(full_write.o) (safe_write)
loginutils/lib.a(adduser.o)   libbb/lib.a(appletlib.o) (adduser_main)
loginutils/lib.a(chpasswd.o)  libbb/lib.a(appletlib.o) (chpasswd_main)
loginutils/lib.a(deluser.o)   libbb/lib.a(appletlib.o) (deluser_main)
loginutils/lib.a(getty.o)     libbb/lib.a(appletlib.o) (getty_main)
loginutils/lib.a(login.o)     libbb/lib.a(appletlib.o) (login_main)
loginutils/lib.a(passwd.o)    libbb/lib.a(appletlib.o) (passwd_main)
loginutils/lib.a(vlock.o)     libbb/lib.a(appletlib.o) (vlock_main)
miscutils/lib.a(chrt.o)       libbb/lib.a(appletlib.o) (chrt_main)
miscutils/lib.a(crond.o)      libbb/lib.a(appletlib.o) (crond_main)
miscutils/lib.a(crontab.o)    libbb/lib.a(appletlib.o) (crontab_main)
miscutils/lib.a(eject.o)      libbb/lib.a(appletlib.o) (eject_main)
miscutils/lib.a(hdparm.o)     libbb/lib.a(appletlib.o) (hdparm_main)
miscutils/lib.a(last.o)       libbb/lib.a(appletlib.o) (last_main)
miscutils/lib.a(less.o)       libbb/lib.a(appletlib.o) (less_main)
miscutils/lib.a(makedevs.o)   libbb/lib.a(appletlib.o) (makedevs_main)
miscutils/lib.a(mountpoint.o)
                              libbb/lib.a(appletlib.o) (mountpoint_main)
miscutils/lib.a(runlevel.o)   libbb/lib.a(appletlib.o) (runlevel_main)
miscutils/lib.a(strings.o)    libbb/lib.a(appletlib.o) (strings_main)
miscutils/lib.a(time.o)       libbb/lib.a(appletlib.o) (time_main)
miscutils/lib.a(watchdog.o)   libbb/lib.a(appletlib.o) (watchdog_main)
modutils/lib.a(insmod.o)      libbb/lib.a(appletlib.o) (insmod_main)
modutils/lib.a(lsmod.o)       libbb/lib.a(appletlib.o) (lsmod_main)
modutils/lib.a(modprobe.o)    libbb/lib.a(appletlib.o) (modprobe_main)
modutils/lib.a(rmmod.o)       libbb/lib.a(appletlib.o) (rmmod_main)
networking/lib.a(ether-wake.o)
                              libbb/lib.a(appletlib.o) (ether_wake_main)
networking/lib.a(ftpgetput.o)
                              libbb/lib.a(appletlib.o) (ftpgetput_main)
networking/lib.a(hostname.o)  libbb/lib.a(appletlib.o) (hostname_main)
networking/lib.a(ifconfig.o)  libbb/lib.a(appletlib.o) (ifconfig_main)
networking/lib.a(ifupdown.o)  libbb/lib.a(appletlib.o) (ifupdown_main)
networking/lib.a(interface.o)
                              networking/lib.a(ifconfig.o) (display_interfaces)
networking/lib.a(ip.o)        libbb/lib.a(appletlib.o) (ip_main)
networking/lib.a(netstat.o)   libbb/lib.a(appletlib.o) (netstat_main)
networking/lib.a(ping.o)      libbb/lib.a(appletlib.o) (ping_main)
networking/lib.a(route.o)     networking/lib.a(netstat.o) (bb_displayroutes)
networking/lib.a(telnetd.o)   libbb/lib.a(appletlib.o) (telnetd_main)
networking/lib.a(wget.o)      libbb/lib.a(appletlib.o) (wget_main)
networking/lib.a(zcip.o)      libbb/lib.a(appletlib.o) (zcip_main)
networking/libiproute/lib.a(ip_parse_common_args.o)
                              networking/lib.a(ip.o) (ip_parse_common_args)
networking/libiproute/lib.a(ipaddress.o)
                              networking/lib.a(ip.o) (do_ipaddr)
networking/libiproute/lib.a(iplink.o)
                              networking/lib.a(ip.o) (do_iplink)
networking/libiproute/lib.a(iproute.o)
                              networking/lib.a(ip.o) (do_iproute)
networking/libiproute/lib.a(libnetlink.o)
                              networking/libiproute/lib.a(ipaddress.o) (parse_rtattr)
networking/libiproute/lib.a(ll_addr.o)
[...]
Memory Configuration

Name             Origin             Length             Attributes
*default*        0x0000000000000000 0xffffffffffffffff

Linker script and memory map

LOAD /opt/mips-4.3/bin/../mips-linux-gnu/libc/el/usr/lib/crt1.o
LOAD /opt/mips-4.3/bin/../mips-linux-gnu/libc/el/usr/lib/crti.o
LOAD /opt/mips-4.3/bin/../lib/gcc/mips-linux-gnu/4.3.2/el/crtbegin.o
START GROUP
LOAD applets/built-in.o
LOAD archival/lib.a
LOAD archival/libunarchive/lib.a
LOAD console-tools/lib.a
LOAD coreutils/lib.a
LOAD coreutils/libcoreutils/lib.a
LOAD debianutils/lib.a
LOAD e2fsprogs/lib.a
LOAD editors/lib.a
LOAD findutils/lib.a
LOAD init/lib.a
LOAD libbb/lib.a
LOAD libpwdgrp/lib.a
LOAD loginutils/lib.a
LOAD miscutils/lib.a
LOAD modutils/lib.a
LOAD networking/lib.a
LOAD networking/libiproute/lib.a
LOAD networking/udhcp/lib.a
LOAD printutils/lib.a
LOAD procps/lib.a
LOAD runit/lib.a
LOAD selinux/lib.a
LOAD shell/lib.a
LOAD sysklogd/lib.a
LOAD util-linux/lib.a
LOAD util-linux/volume_id/lib.a
LOAD archival/built-in.o
LOAD archival/libunarchive/built-in.o
LOAD console-tools/built-in.o
LOAD coreutils/built-in.o
LOAD coreutils/libcoreutils/built-in.o
LOAD debianutils/built-in.o
LOAD e2fsprogs/built-in.o
LOAD editors/built-in.o
LOAD findutils/built-in.o
LOAD init/built-in.o
LOAD libbb/built-in.o
LOAD libpwdgrp/built-in.o
LOAD loginutils/built-in.o
LOAD miscutils/built-in.o
LOAD modutils/built-in.o
LOAD networking/built-in.o
LOAD networking/libiproute/built-in.o
LOAD networking/udhcp/built-in.o
LOAD printutils/built-in.o
LOAD procps/built-in.o
LOAD runit/built-in.o
LOAD selinux/built-in.o
LOAD shell/built-in.o
LOAD sysklogd/built-in.o
LOAD util-linux/built-in.o
LOAD util-linux/volume_id/built-in.o
END GROUP
START GROUP
LOAD /opt/mips-4.3/bin/../mips-linux-gnu/libc/el/usr/lib/libcrypt.so
LOAD /opt/mips-4.3/bin/../mips-linux-gnu/libc/el/usr/lib/libm.so
END GROUP
LOAD /opt/mips-4.3/bin/../lib/gcc/mips-linux-gnu/4.3.2/el/libgcc.a
LOAD /opt/mips-4.3/bin/../lib/gcc/mips-linux-gnu/4.3.2/el/libgcc_eh.a
LOAD /opt/mips-4.3/bin/../mips-linux-gnu/libc/el/usr/lib/libc.so
START GROUP
LOAD /opt/mips-4.3/bin/../mips-linux-gnu/libc/el/lib/libc.so.6
LOAD /opt/mips-4.3/bin/../mips-linux-gnu/libc/el/usr/lib/libc_nonshared.a
LOAD /opt/mips-4.3/bin/../mips-linux-gnu/libc/el/lib/ld.so.1
END GROUP
LOAD /opt/mips-4.3/bin/../lib/gcc/mips-linux-gnu/4.3.2/el/libgcc.a
LOAD /opt/mips-4.3/bin/../lib/gcc/mips-linux-gnu/4.3.2/el/libgcc_eh.a
LOAD /opt/mips-4.3/bin/../lib/gcc/mips-linux-gnu/4.3.2/el/crtend.o
LOAD /opt/mips-4.3/bin/../mips-linux-gnu/libc/el/usr/lib/crtn.o
                0x0000000000400000                PROVIDE (__executable_start, 0x400000)
                0x0000000000400114                . = (0x400000 + SIZEOF_HEADERS)

.interp         0x0000000000400114        0xd
 *(SORT(.interp))
 .interp        0x0000000000400114        0xd /opt/mips-4.3/bin/../mips-linux-gnu/libc/el/usr/lib/crti.o

.reginfo
 *(SORT(.reginfo))

.note.gnu.build-id
 *(SORT(.note.gnu.build-id))

.dynamic        0x0000000000400124      0x128
 *(SORT(.dynamic))
 .dynamic       0x0000000000400124      0x128 /opt/mips-4.3/bin/../mips-linux-gnu/libc/el/usr/lib/crti.o
                0x0000000000400124                _DYNAMIC

.hash           0x000000000040024c      0x9fc
 *(SORT(.hash))
 .hash          0x000000000040024c      0x9fc /opt/mips-4.3/bin/../mips-linux-gnu/libc/el/usr/lib/crti.o

.gnu.hash
 *(SORT(.gnu.hash))

.dynsym         0x0000000000400c48     0x1760
 *(SORT(.dynsym))
 .dynsym        0x0000000000400c48     0x1760 /opt/mips-4.3/bin/../mips-linux-gnu/libc/el/usr/lib/crti.o

.dynstr         0x00000000004023a8      0xd47
 *(SORT(.dynstr))
 .dynstr        0x00000000004023a8      0xd47 /opt/mips-4.3/bin/../mips-linux-gnu/libc/el/usr/lib/crti.o

.gnu.version    0x00000000004030f0      0x2ec
 *(SORT(.gnu.version))
 .gnu.version   0x00000000004030f0      0x2ec /opt/mips-4.3/bin/../mips-linux-gnu/libc/el/usr/lib/crti.o

.gnu.version_d  0x00000000004033dc        0x0
 *(SORT(.gnu.version_d))
 .gnu.version_d
                0x0000000000000000        0x0 /opt/mips-4.3/bin/../mips-linux-gnu/libc/el/usr/lib/crti.o

.gnu.version_r  0x00000000004033dc       0xf0
 *(SORT(.gnu.version_r))
 .gnu.version_r
                0x00000000004033dc       0xf0 /opt/mips-4.3/bin/../mips-linux-gnu/libc/el/usr/lib/crti.o

.rel.dyn        0x00000000004034cc       0x50
 *(SORT(.rel.init))
 *(SORT(.rel.text) SORT(.rel.text.*) SORT(.rel.gnu.linkonce.t.*))
 *(SORT(.rel.fini))
 *(SORT(.rel.rodata) SORT(.rel.rodata.*) SORT(.rel.gnu.linkonce.r.*))
 *(SORT(.rel.data.rel.ro*) SORT(.rel.gnu.linkonce.d.rel.ro.*))
 *(SORT(.rel.data) SORT(.rel.data.*) SORT(.rel.gnu.linkonce.d.*))
 *(SORT(.rel.tdata) SORT(.rel.tdata.*) SORT(.rel.gnu.linkonce.td.*))
 *(SORT(.rel.tbss) SORT(.rel.tbss.*) SORT(.rel.gnu.linkonce.tb.*))
 *(SORT(.rel.ctors))
 *(SORT(.rel.dtors))
 *(SORT(.rel.got))
 *(SORT(.rel.dyn))
 .rel.dyn       0x00000000004034cc       0x50 /opt/mips-4.3/bin/../mips-linux-gnu/libc/el/usr/lib/crti.o
 *(SORT(.rel.sdata) SORT(.rel.sdata.*) SORT(.rel.gnu.linkonce.s.*))
 *(SORT(.rel.sbss) SORT(.rel.sbss.*) SORT(.rel.gnu.linkonce.sb.*))
 *(SORT(.rel.sdata2) SORT(.rel.sdata2.*) SORT(.rel.gnu.linkonce.s2.*))
 *(SORT(.rel.sbss2) SORT(.rel.sbss2.*) SORT(.rel.gnu.linkonce.sb2.*))
 *(SORT(.rel.bss) SORT(.rel.bss.*) SORT(.rel.gnu.linkonce.b.*))
 .rel.bss       0x0000000000000000        0x0 /opt/mips-4.3/bin/../mips-linux-gnu/libc/el/usr/lib/crti.o

.rela.dyn
 *(SORT(.rela.init))
 *(SORT(.rela.text) SORT(.rela.text.*) SORT(.rela.gnu.linkonce.t.*))
 *(SORT(.rela.fini))
 *(SORT(.rela.rodata) SORT(.rela.rodata.*) SORT(.rela.gnu.linkonce.r.*))
 *(SORT(.rela.data) SORT(.rela.data.*) SORT(.rela.gnu.linkonce.d.*))
 *(SORT(.rela.tdata) SORT(.rela.tdata.*) SORT(.rela.gnu.linkonce.td.*))
 *(SORT(.rela.tbss) SORT(.rela.tbss.*) SORT(.rela.gnu.linkonce.tb.*))
 *(SORT(.rela.ctors))
 *(SORT(.rela.dtors))
 *(SORT(.rela.got))
 *(SORT(.rela.sdata) SORT(.rela.sdata.*) SORT(.rela.gnu.linkonce.s.*))
 *(SORT(.rela.sbss) SORT(.rela.sbss.*) SORT(.rela.gnu.linkonce.sb.*))
 *(SORT(.rela.sdata2) SORT(.rela.sdata2.*) SORT(.rela.gnu.linkonce.s2.*))
 *(SORT(.rela.sbss2) SORT(.rela.sbss2.*) SORT(.rela.gnu.linkonce.sb2.*))
 *(SORT(.rela.bss) SORT(.rela.bss.*) SORT(.rela.gnu.linkonce.b.*))

.rel.plt        0x000000000040351c      0xae0
 *(SORT(.rel.plt))
 .rel.plt       0x000000000040351c      0xae0 /opt/mips-4.3/bin/../mips-linux-gnu/libc/el/usr/lib/crti.o

.rela.plt
 *(SORT(.rela.plt))

.init           0x0000000000403ffc       0x5c
 *(SORT(.init))
 .init          0x0000000000403ffc       0x30 /opt/mips-4.3/bin/../mips-linux-gnu/libc/el/usr/lib/crti.o
                0x0000000000403ffc                _init
 .init          0x000000000040402c       0x10 /opt/mips-4.3/bin/../lib/gcc/mips-linux-gnu/4.3.2/el/crtbegin.o
 .init          0x000000000040403c       0x10 /opt/mips-4.3/bin/../lib/gcc/mips-linux-gnu/4.3.2/el/crtend.o
 .init          0x000000000040404c        0xc /opt/mips-4.3/bin/../mips-linux-gnu/libc/el/usr/lib/crtn.o

.plt            0x0000000000404060     0x15e4
 *(SORT(.plt))
 .plt           0x0000000000404060     0x15e4 /opt/mips-4.3/bin/../mips-linux-gnu/libc/el/usr/lib/crti.o
                0x0000000000404080                fileno@@GLIBC_2.0
                0x0000000000404090                getpagesize@@GLIBC_2.0
                0x00000000004040a0                umount2@@GLIBC_2.2
                0x00000000004040b0                fputs@@GLIBC_2.0
                0x00000000004040c0                abort@@GLIBC_2.0
                0x00000000004040d0                __errno_location@@GLIBC_2.0
                0x00000000004040e0                setmntent@@GLIBC_2.0
                0x00000000004040f0                semget@@GLIBC_2.0
                0x0000000000404100                sigemptyset@@GLIBC_2.0
                0x0000000000404110                inet_ntop@@GLIBC_2.0
                0x0000000000404120                init_module@@GLIBC_2.0
                0x0000000000404130                srand@@GLIBC_2.0
                0x0000000000404140                connect@@GLIBC_2.0
                0x0000000000404150                isprint@@GLIBC_2.0
                0x0000000000404160                clnt_spcreateerror@@GLIBC_2.0
                0x0000000000404170                getpid@@GLIBC_2.0
                0x0000000000404180                mkdir@@GLIBC_2.0
                0x0000000000404190                isalpha@@GLIBC_2.0
                0x00000000004041a0                strerror@@GLIBC_2.0
                0x00000000004041b0                setbuf@@GLIBC_2.0
                0x00000000004041c0                getsockname@@GLIBC_2.0
                0x00000000004041d0                regfree@@GLIBC_2.0
                0x00000000004041e0                strcoll@@GLIBC_2.0
                0x00000000004041f0                sysconf@@GLIBC_2.0
                0x0000000000404200                memcmp@@GLIBC_2.0
                0x0000000000404210                qsort@@GLIBC_2.0
                0x0000000000404220                inet_ntoa@@GLIBC_2.0
                0x0000000000404230                freeaddrinfo@@GLIBC_2.0
                0x0000000000404240                getchar@@GLIBC_2.0
                0x0000000000404250                bsearch@@GLIBC_2.0
                0x0000000000404260                unlockpt@@GLIBC_2.2
                0x0000000000404270                msgget@@GLIBC_2.0
                0x0000000000404280                __vprintf_chk@@GLIBC_2.3.4
                0x0000000000404290                clnttcp_create@@GLIBC_2.0
                0x00000000004042a0                __fprintf_chk@@GLIBC_2.3.4
                0x00000000004042b0                signal@@GLIBC_2.0
                0x00000000004042c0                syscall@@GLIBC_2.0
                0x00000000004042d0                fdopen@@GLIBC_2.2
                0x00000000004042e0                ispunct@@GLIBC_2.0
                0x00000000004042f0                realloc@@GLIBC_2.0
                0x0000000000404300                strsep@@GLIBC_2.0
                0x0000000000404310                sched_yield@@GLIBC_2.0
                0x0000000000404320                grantpt@@GLIBC_2.2
                0x0000000000404330                pivot_root@@GLIBC_2.2.1
                0x0000000000404340                sync@@GLIBC_2.0
                0x0000000000404350                rewind@@GLIBC_2.0
                0x0000000000404360                unsetenv@@GLIBC_2.0
                0x0000000000404370                isspace@@GLIBC_2.0
                0x0000000000404380                localtime@@GLIBC_2.0
                0x0000000000404390                cfgetispeed@@GLIBC_2.0
                0x00000000004043a0                __printf_chk@@GLIBC_2.3.4
                0x00000000004043b0                getgrnam@@GLIBC_2.0
                0x00000000004043c0                clearenv@@GLIBC_2.0
                0x00000000004043d0                dirname@@GLIBC_2.0
                0x00000000004043e0                strtod@@GLIBC_2.0
                0x00000000004043f0                strchr@@GLIBC_2.0
                0x0000000000404400                getenv@@GLIBC_2.0
                0x0000000000404410                strptime@@GLIBC_2.0
                0x0000000000404420                inet_addr@@GLIBC_2.0
                0x0000000000404430                system@@GLIBC_2.0
                0x0000000000404440                strncpy@@GLIBC_2.0
                0x0000000000404450                query_module@@GLIBC_2.0
                0x0000000000404460                putchar@@GLIBC_2.0
                0x0000000000404470                swapon@@GLIBC_2.0
                0x0000000000404480                fchown@@GLIBC_2.0
                0x0000000000404490                ttyname@@GLIBC_2.0
                0x00000000004044a0                getspnam_r@@GLIBC_2.2
                0x00000000004044b0                write@@GLIBC_2.0
                0x00000000004044c0                tzset@@GLIBC_2.0
                0x00000000004044d0                sendto@@GLIBC_2.0
                0x00000000004044e0                pow@@GLIBC_2.0
                0x00000000004044f0                listen@@GLIBC_2.0
                0x0000000000404500                lseek64@@GLIBC_2.2
                0x0000000000404510                gnu_dev_minor@@GLIBC_2.3.3
                0x0000000000404520                toupper@@GLIBC_2.0
                0x0000000000404530                sendmsg@@GLIBC_2.0
                0x0000000000404540                fgets@@GLIBC_2.0
                0x0000000000404550                rename@@GLIBC_2.0
                0x0000000000404560                regexec@@GLIBC_2.3.4
                0x0000000000404570                sched_setscheduler@@GLIBC_2.0
                0x0000000000404580                memset@@GLIBC_2.0
                0x0000000000404590                freopen64@@GLIBC_2.2
                0x00000000004045a0                setsid@@GLIBC_2.0
                0x00000000004045b0                sched_getscheduler@@GLIBC_2.0
                0x00000000004045c0                sched_get_priority_max@@GLIBC_2.0
                0x00000000004045d0                creat64@@GLIBC_2.2
                0x00000000004045e0                __libc_start_main@@GLIBC_2.0
                0x00000000004045f0                clnt_sperror@@GLIBC_2.0
                0x0000000000404600                execl@@GLIBC_2.0
                0x0000000000404610                _IO_getc@@GLIBC_2.0
                0x0000000000404620                wait@@GLIBC_2.0
                0x0000000000404630                __memcpy_chk@@GLIBC_2.3.4
                0x0000000000404640                _exit@@GLIBC_2.0
                0x0000000000404650                strrchr@@GLIBC_2.0
                0x0000000000404660                mount@@GLIBC_2.0
                0x0000000000404670                uname@@GLIBC_2.0
                0x0000000000404680                tcgetattr@@GLIBC_2.0
                0x0000000000404690                popen@@GLIBC_2.2
                0x00000000004046a0                chmod@@GLIBC_2.0
                0x00000000004046b0                xdr_int@@GLIBC_2.0
                0x00000000004046c0                iscntrl@@GLIBC_2.0
                0x00000000004046d0                __vsnprintf_chk@@GLIBC_2.3.4
                0x00000000004046e0                getopt_long_only@@GLIBC_2.0
                0x00000000004046f0                setrlimit64@@GLIBC_2.2
                0x0000000000404700                read@@GLIBC_2.0
                0x0000000000404710                authunix_create_default@@GLIBC_2.0
                0x0000000000404720                strtoll@@GLIBC_2.0
                0x0000000000404730                umount@@GLIBC_2.0
                0x0000000000404740                perror@@GLIBC_2.0
                0x0000000000404750                __strcat_chk@@GLIBC_2.3.4
                0x0000000000404760                exp@@GLIBC_2.0
                0x0000000000404770                ungetc@@GLIBC_2.0
                0x0000000000404780                usleep@@GLIBC_2.0
                0x0000000000404790                swapoff@@GLIBC_2.0
                0x00000000004047a0                xdr_opaque@@GLIBC_2.0
                0x00000000004047b0                gettimeofday@@GLIBC_2.0
                0x00000000004047c0                ptsname@@GLIBC_2.2
                0x00000000004047d0                strtol@@GLIBC_2.0
                0x00000000004047e0                tcsetpgrp@@GLIBC_2.0
                0x00000000004047f0                getservbyport@@GLIBC_2.0
                0x0000000000404800                __ctype_toupper_loc@@GLIBC_2.3
                0x0000000000404810                hstrerror@@GLIBC_2.0
                0x0000000000404820                free@@GLIBC_2.0
                0x0000000000404830                strtoull@@GLIBC_2.0
                0x0000000000404840                siglongjmp@@GLIBC_2.0
                0x0000000000404850                inet_pton@@GLIBC_2.0
                0x0000000000404860                shmctl@@GLIBC_2.2
                0x0000000000404870                execle@@GLIBC_2.0
                0x0000000000404880                bindresvport@@GLIBC_2.0
                0x0000000000404890                openlog@@GLIBC_2.0
                0x00000000004048a0                ether_aton@@GLIBC_2.0
                0x00000000004048b0                setpgid@@GLIBC_2.0
                0x00000000004048c0                access@@GLIBC_2.0
                0x00000000004048d0                semctl@@GLIBC_2.2
                0x00000000004048e0                gethostid@@GLIBC_2.0
                0x00000000004048f0                sigaction@@GLIBC_2.0
                0x0000000000404900                setpriority@@GLIBC_2.0
                0x0000000000404910                fflush@@GLIBC_2.0
                0x0000000000404920                sqrt@@GLIBC_2.0
                0x0000000000404930                __vfprintf_chk@@GLIBC_2.3.4
                0x0000000000404940                regcomp@@GLIBC_2.0
                0x0000000000404950                opendir@@GLIBC_2.0
                0x0000000000404960                getopt_long@@GLIBC_2.0
                0x0000000000404970                accept@@GLIBC_2.0
                0x0000000000404980                tcflush@@GLIBC_2.0
                0x0000000000404990                symlink@@GLIBC_2.0
                0x00000000004049a0                ioctl@@GLIBC_2.0
                0x00000000004049b0                socket@@GLIBC_2.0
                0x00000000004049c0                dup2@@GLIBC_2.0
                0x00000000004049d0                fseek@@GLIBC_2.0
                0x00000000004049e0                inet_aton@@GLIBC_2.0
                0x00000000004049f0                getpriority@@GLIBC_2.0
                0x0000000000404a00                ftruncate64@@GLIBC_2.2
                0x0000000000404a10                execlp@@GLIBC_2.0
                0x0000000000404a20                isatty@@GLIBC_2.0
                0x0000000000404a30                isblank@@GLIBC_2.0
                0x0000000000404a40                realpath@@GLIBC_2.3
                0x0000000000404a50                strsignal@@GLIBC_2.0
                0x0000000000404a60                putpwent@@GLIBC_2.0
                0x0000000000404a70                vfork@@GLIBC_2.0
                0x0000000000404a80                getaddrinfo@@GLIBC_2.0
                0x0000000000404a90                umask@@GLIBC_2.0
                0x0000000000404aa0                __vsprintf_chk@@GLIBC_2.3.4
                0x0000000000404ab0                sethostname@@GLIBC_2.0
                0x0000000000404ac0                setuid@@GLIBC_2.0
                0x0000000000404ad0                dup@@GLIBC_2.0
                0x0000000000404ae0                _setjmp@@GLIBC_2.0
                0x0000000000404af0                tcgetpgrp@@GLIBC_2.0
                0x0000000000404b00                mktime@@GLIBC_2.0
                0x0000000000404b10                fsync@@GLIBC_2.0
                0x0000000000404b20                readdir64@@GLIBC_2.2
                0x0000000000404b30                fclose@@GLIBC_2.2
                0x0000000000404b40                getopt@@GLIBC_2.0
                0x0000000000404b50                xdr_enum@@GLIBC_2.0
                0x0000000000404b60                clntudp_create@@GLIBC_2.0
                0x0000000000404b70                memcpy@@GLIBC_2.0
                0x0000000000404b80                cfsetospeed@@GLIBC_2.0
                0x0000000000404b90                utime@@GLIBC_2.0
                0x0000000000404ba0                execv@@GLIBC_2.0
                0x0000000000404bb0                getnameinfo@@GLIBC_2.2
                0x0000000000404bc0                reboot@@GLIBC_2.0
                0x0000000000404bd0                strtoul@@GLIBC_2.0
                0x0000000000404be0                execvp@@GLIBC_2.0
                0x0000000000404bf0                strlen@@GLIBC_2.0
                0x0000000000404c00                getdomainname@@GLIBC_2.0
                0x0000000000404c10                cos@@GLIBC_2.0
                0x0000000000404c20                alarm@@GLIBC_2.0
                0x0000000000404c30                mkdtemp@@GLIBC_2.2
                0x0000000000404c40                unlink@@GLIBC_2.0
                0x0000000000404c50                getpwuid@@GLIBC_2.0
                0x0000000000404c60                sched_getparam@@GLIBC_2.0
                0x0000000000404c70                getppid@@GLIBC_2.0
                0x0000000000404c80                if_nametoindex@@GLIBC_2.2
                0x0000000000404c90                setlocale@@GLIBC_2.0
                0x0000000000404ca0                waitpid@@GLIBC_2.0
                0x0000000000404cb0                clearerr@@GLIBC_2.0
                0x0000000000404cc0                __h_errno_location@@GLIBC_2.0
                0x0000000000404cd0                fgetc@@GLIBC_2.0
                0x0000000000404ce0                __xpg_basename@@GLIBC_2.0
                0x0000000000404cf0                stime@@GLIBC_2.0
                0x0000000000404d00                feof@@GLIBC_2.0
                0x0000000000404d10                chroot@@GLIBC_2.0
                0x0000000000404d20                strcpy@@GLIBC_2.0
                0x0000000000404d30                getegid@@GLIBC_2.0
                0x0000000000404d40                ftell@@GLIBC_2.0
                0x0000000000404d50                longjmp@@GLIBC_2.0
                0x0000000000404d60                pmap_getmaps@@GLIBC_2.0
                0x0000000000404d70                killpg@@GLIBC_2.0
                0x0000000000404d80                chdir@@GLIBC_2.0
                0x0000000000404d90                ctime@@GLIBC_2.0
                0x0000000000404da0                div@@GLIBC_2.0
                0x0000000000404db0                bind@@GLIBC_2.0
                0x0000000000404dc0                getuid@@GLIBC_2.0
                0x0000000000404dd0                raise@@GLIBC_2.0
                0x0000000000404de0                create_module@@GLIBC_2.0
                0x0000000000404df0                gethostbyaddr@@GLIBC_2.0
                0x0000000000404e00                atoi@@GLIBC_2.0
                0x0000000000404e10                putenv@@GLIBC_2.0
                0x0000000000404e20                wait3@@GLIBC_2.0
                0x0000000000404e30                __strcpy_chk@@GLIBC_2.3.4
                0x0000000000404e40                xdr_bytes@@GLIBC_2.0
                0x0000000000404e50                strcasecmp@@GLIBC_2.0
                0x0000000000404e60                mkstemp64@@GLIBC_2.2
                0x0000000000404e70                __syslog_chk@@GLIBC_2.4
                0x0000000000404e80                getutent@@GLIBC_2.0
                0x0000000000404e90                regerror@@GLIBC_2.0
                0x0000000000404ea0                select@@GLIBC_2.0
                0x0000000000404eb0                getmntent_r@@GLIBC_2.0
                0x0000000000404ec0                closedir@@GLIBC_2.0
                0x0000000000404ed0                close@@GLIBC_2.0
                0x0000000000404ee0                fwrite@@GLIBC_2.0
                0x0000000000404ef0                xdr_string@@GLIBC_2.0
                0x0000000000404f00                isalnum@@GLIBC_2.0
                0x0000000000404f10                __dprintf_chk@@GLIBC_2.8
                0x0000000000404f20                initgroups@@GLIBC_2.0
                0x0000000000404f30                strstr@@GLIBC_2.0
                0x0000000000404f40                time@@GLIBC_2.0
                0x0000000000404f50                __open64_2@@GLIBC_2.7
                0x0000000000404f60                execve@@GLIBC_2.0
                0x0000000000404f70                malloc@@GLIBC_2.0
                0x0000000000404f80                sigprocmask@@GLIBC_2.0
                0x0000000000404f90                endmntent@@GLIBC_2.0
                0x0000000000404fa0                __vsyslog_chk@@GLIBC_2.4
                0x0000000000404fb0                isupper@@GLIBC_2.0
                0x0000000000404fc0                isgraph@@GLIBC_2.0
                0x0000000000404fd0                sched_get_priority_min@@GLIBC_2.0
                0x0000000000404fe0                getmntent@@GLIBC_2.0
                0x0000000000404ff0                ftello64@@GLIBC_2.2
                0x0000000000405000                msgctl@@GLIBC_2.2
                0x0000000000405010                pclose@@GLIBC_2.2
                0x0000000000405020                munlock@@GLIBC_2.0
                0x0000000000405030                __memset_chk@@GLIBC_2.3.4
                0x0000000000405040                atan2@@GLIBC_2.0
                0x0000000000405050                fputc@@GLIBC_2.0
                0x0000000000405060                memrchr@@GLIBC_2.2
                0x0000000000405070                xdr_u_int@@GLIBC_2.0
                0x0000000000405080                rmdir@@GLIBC_2.0
                0x0000000000405090                strtok@@GLIBC_2.0
                0x00000000004050a0                strnlen@@GLIBC_2.0
                0x00000000004050b0                poll@@GLIBC_2.0
                0x00000000004050c0                getgrgid@@GLIBC_2.0
                0x00000000004050d0                sleep@@GLIBC_2.0
                0x00000000004050e0                sigaddset@@GLIBC_2.0
                0x00000000004050f0                readlink@@GLIBC_2.0
                0x0000000000405100                strncasecmp@@GLIBC_2.0
                0x0000000000405110                memmove@@GLIBC_2.0
                0x0000000000405120                cfgetospeed@@GLIBC_2.0
                0x0000000000405130                endutent@@GLIBC_2.0
                0x0000000000405140                __ctype_tolower_loc@@GLIBC_2.3
                0x0000000000405150                strcat@@GLIBC_2.0
                0x0000000000405160                getcwd@@GLIBC_2.0
                0x0000000000405170                sigfillset@@GLIBC_2.0
                0x0000000000405180                ether_hostton@@GLIBC_2.0
                0x0000000000405190                statfs64@@GLIBC_2.2
                0x00000000004051a0                settimeofday@@GLIBC_2.0
                0x00000000004051b0                log@@GLIBC_2.0
                0x00000000004051c0                puts@@GLIBC_2.0
                0x00000000004051d0                recvmsg@@GLIBC_2.0
                0x00000000004051e0                fork@@GLIBC_2.0
                0x00000000004051f0                utmpname@@GLIBC_2.0
                0x0000000000405200                gnu_dev_major@@GLIBC_2.3.3
                0x0000000000405210                setsockopt@@GLIBC_2.0
                0x0000000000405220                pmap_getport@@GLIBC_2.0
                0x0000000000405230                tcsetattr@@GLIBC_2.0
                0x0000000000405240                fcntl@@GLIBC_2.0
                0x0000000000405250                updwtmp@@GLIBC_2.0
                0x0000000000405260                getrlimit64@@GLIBC_2.2
                0x0000000000405270                gnu_dev_makedev@@GLIBC_2.3.3
                0x0000000000405280                rand@@GLIBC_2.0
                0x0000000000405290                strspn@@GLIBC_2.0
                0x00000000004052a0                delete_module@@GLIBC_2.0
                0x00000000004052b0                sscanf@@GLIBC_2.0
                0x00000000004052c0                gmtime@@GLIBC_2.0
                0x00000000004052d0                fscanf@@GLIBC_2.0
                0x00000000004052e0                getgroups@@GLIBC_2.0
                0x00000000004052f0                __sprintf_chk@@GLIBC_2.3.4
                0x0000000000405300                memchr@@GLIBC_2.0
                0x0000000000405310                fnmatch@@GLIBC_2.2.3
                0x0000000000405320                strncmp@@GLIBC_2.0
                0x0000000000405330                open64@@GLIBC_2.2
                0x0000000000405340                lchown@@GLIBC_2.0
                0x0000000000405350                crypt@@GLIBC_2.0
                0x0000000000405360                setutent@@GLIBC_2.0
                0x0000000000405370                __realpath_chk@@GLIBC_2.4
                0x0000000000405380                link@@GLIBC_2.0
                0x0000000000405390                __snprintf_chk@@GLIBC_2.3.4
                0x00000000004053a0                _IO_putc@@GLIBC_2.0
                0x00000000004053b0                mlock@@GLIBC_2.0
                0x00000000004053c0                strpbrk@@GLIBC_2.0
                0x00000000004053d0                xdr_array@@GLIBC_2.0
                0x00000000004053e0                pipe@@GLIBC_2.0
                0x00000000004053f0                fread@@GLIBC_2.0
                0x0000000000405400                strftime@@GLIBC_2.0
                0x0000000000405410                setgid@@GLIBC_2.0
                0x0000000000405420                snprintf@@GLIBC_2.0
                0x0000000000405430                kill@@GLIBC_2.0
                0x0000000000404060                _PROCEDURE_LINKAGE_TABLE_
                0x0000000000405440                times@@GLIBC_2.0
                0x0000000000405450                strchrnul@@GLIBC_2.2
                0x0000000000405460                strcspn@@GLIBC_2.0
                0x0000000000405470                sin@@GLIBC_2.0
                0x0000000000405480                strdup@@GLIBC_2.0
                0x0000000000405490                gethostbyname@@GLIBC_2.0
                0x00000000004054a0                chown@@GLIBC_2.0
                0x00000000004054b0                recvfrom@@GLIBC_2.0
                0x00000000004054c0                ferror@@GLIBC_2.0
                0x00000000004054d0                sysinfo@@GLIBC_2.0
                0x00000000004054e0                getpwnam@@GLIBC_2.0
                0x00000000004054f0                tolower@@GLIBC_2.0
                0x0000000000405500                strcmp@@GLIBC_2.0
                0x0000000000405510                __sigsetjmp@@GLIBC_2.0
                0x0000000000405520                getservbyname@@GLIBC_2.0
                0x0000000000405530                setenv@@GLIBC_2.0
                0x0000000000405540                exit@@GLIBC_2.0
                0x0000000000405550                cfsetispeed@@GLIBC_2.0
                0x0000000000405560                difftime@@GLIBC_2.0
                0x0000000000405570                endgrent@@GLIBC_2.0
                0x0000000000405580                fchmod@@GLIBC_2.0
                0x0000000000405590                __vasprintf_chk@@GLIBC_2.8
                0x00000000004055a0                __strncat_chk@@GLIBC_2.3.4
                0x00000000004055b0                islower@@GLIBC_2.0
                0x00000000004055c0                sigsuspend@@GLIBC_2.0
                0x00000000004055d0                fopen64@@GLIBC_2.2
                0x00000000004055e0                getpgrp@@GLIBC_2.0
                0x00000000004055f0                getgid@@GLIBC_2.0
                0x0000000000405600                shmget@@GLIBC_2.0
                0x0000000000405610                getsid@@GLIBC_2.0
                0x0000000000405620                pututline@@GLIBC_2.0
                0x0000000000405630                geteuid@@GLIBC_2.0

.text           0x0000000000405650    0x8a9f8
                0x0000000000405650                _ftext = .
 *(SORT(.text) SORT(.stub) SORT(.text.*) SORT(.gnu.linkonce.t.*))
 .text          0x0000000000405650       0x50 /opt/mips-4.3/bin/../mips-linux-gnu/libc/el/usr/lib/crt1.o
                0x0000000000405650                __start
 .text          0x00000000004056a0       0xd0 /opt/mips-4.3/bin/../lib/gcc/mips-linux-gnu/4.3.2/el/crtbegin.o
 .text          0x0000000000405770       0x60 /opt/mips-4.3/bin/../lib/gcc/mips-linux-gnu/4.3.2/el/libgcc.a(_lshrdi3.o)
                0x0000000000405770                __lshrdi3
 .text          0x00000000004057d0       0x50 /opt/mips-4.3/bin/../lib/gcc/mips-linux-gnu/4.3.2/el/libgcc.a(_ashldi3.o)
                0x00000000004057d0                __ashldi3
 .text          0x0000000000405820      0x4b0 /opt/mips-4.3/bin/../lib/gcc/mips-linux-gnu/4.3.2/el/libgcc.a(_divdi3.o)
                0x0000000000405820                __divdi3
 .text          0x0000000000405cd0      0x4f0 /opt/mips-4.3/bin/../lib/gcc/mips-linux-gnu/4.3.2/el/libgcc.a(_moddi3.o)
                0x0000000000405cd0                __moddi3
 .text          0x00000000004061c0      0x430 /opt/mips-4.3/bin/../lib/gcc/mips-linux-gnu/4.3.2/el/libgcc.a(_udivdi3.o)
                0x00000000004061c0                __udivdi3
 .text          0x00000000004065f0      0x440 /opt/mips-4.3/bin/../lib/gcc/mips-linux-gnu/4.3.2/el/libgcc.a(_umoddi3.o)
                0x00000000004065f0                __umoddi3
 .text          0x0000000000406a30       0xc0 /opt/mips-4.3/bin/../mips-linux-gnu/libc/el/usr/lib/libc_nonshared.a(elf-init.oS)
                0x0000000000406a30                __libc_csu_fini
                0x0000000000406a38                __libc_csu_init
 .text          0x0000000000406af0       0x30 /opt/mips-4.3/bin/../mips-linux-gnu/libc/el/usr/lib/libc_nonshared.a(atexit.oS)
                0x0000000000406af0                atexit
 .text          0x0000000000406b20       0x20 /opt/mips-4.3/bin/../mips-linux-gnu/libc/el/usr/lib/libc_nonshared.a(stat64.oS)
                0x0000000000406b20                stat64
 .text          0x0000000000406b40       0x20 /opt/mips-4.3/bin/../mips-linux-gnu/libc/el/usr/lib/libc_nonshared.a(fstat64.oS)
                0x0000000000406b40                fstat64
 .text          0x0000000000406b60       0x20 /opt/mips-4.3/bin/../mips-linux-gnu/libc/el/usr/lib/libc_nonshared.a(lstat64.oS)
                0x0000000000406b60                lstat64
 .text          0x0000000000406b80       0x50 /opt/mips-4.3/bin/../mips-linux-gnu/libc/el/usr/lib/libc_nonshared.a(mknod.oS)
                0x0000000000406b80                mknod
                0x0000000000406b80                __mknod
 .text          0x0000000000406bd0       0x50 /opt/mips-4.3/bin/../lib/gcc/mips-linux-gnu/4.3.2/el/crtend.o
 .text.applet_name_compare
                0x0000000000406c20       0x34 libbb/lib.a(appletlib.o)
 .text.lbb_prepare
                0x0000000000406c54       0x70 libbb/lib.a(appletlib.o)
                0x0000000000406c54                lbb_prepare
 .text.find_applet_by_name
                0x0000000000406cc4       0x58 libbb/lib.a(appletlib.o)
                0x0000000000406cc4                find_applet_by_name
 .text.bb_show_usage
                0x0000000000406d1c       0xc0 libbb/lib.a(appletlib.o)
                0x0000000000406d1c                bb_show_usage
 .text.run_applet_no_and_exit
                0x0000000000406ddc      0x154 libbb/lib.a(appletlib.o)
                0x0000000000406ddc                run_applet_no_and_exit
 .text.run_applet_and_exit
                0x0000000000406f30      0x360 libbb/lib.a(appletlib.o)
                0x0000000000406f30                run_applet_and_exit
 .text.main     0x0000000000407290       0x8c libbb/lib.a(appletlib.o)
                0x0000000000407290                main
 .text.bb_basename
                0x000000000040731c       0x3c libbb/lib.a(bb_basename.o)
                0x000000000040731c                bb_basename
 .text.concat_path_file
                0x0000000000407358       0x90 libbb/lib.a(concat_path_file.o)
                0x0000000000407358                concat_path_file
 .text.xfunc_die
                0x00000000004073e8       0x38 libbb/lib.a(error_msg_and_die.o)
                0x00000000004073e8                xfunc_die
 .text.bb_error_msg_and_die
                0x0000000000407420       0x38 libbb/lib.a(error_msg_and_die.o)
                0x0000000000407420                bb_error_msg_and_die
 .text.bb_get_last_path_component_nostrip
                0x0000000000407458       0x50 libbb/lib.a(get_last_path_component.o)
                0x0000000000407458                bb_get_last_path_component_nostrip
 .text.bb_get_last_path_component_strip
                0x00000000004074a8       0x64 libbb/lib.a(get_last_path_component.o)
                0x00000000004074a8                bb_get_last_path_component_strip
 .text.last_char_is
                0x000000000040750c       0x60 libbb/lib.a(last_char_is.o)
                0x000000000040750c                last_char_is
 .text.bb_perror_msg
                0x000000000040756c       0x78 libbb/lib.a(perror_msg.o)
                0x000000000040756c                bb_perror_msg
 .text.bb_simple_perror_msg
                0x00000000004075e4       0x10 libbb/lib.a(perror_msg.o)
                0x00000000004075e4                bb_simple_perror_msg
 .text.bb_verror_msg
                0x00000000004075f4      0x230 libbb/lib.a(verror_msg.o)
                0x00000000004075f4                bb_verror_msg
 .text.smart_ulltoa5
                0x0000000000407824      0x28c libbb/lib.a(xfuncs.o)
                0x0000000000407824                smart_ulltoa5
 .text.utoa_to_buf
                0x0000000000407ab0       0x7c libbb/lib.a(xfuncs.o)
                0x0000000000407ab0                utoa_to_buf
 .text.itoa_to_buf
                0x0000000000407b2c       0x28 libbb/lib.a(xfuncs.o)
                0x0000000000407b2c                itoa_to_buf
 .text.itoa     0x0000000000407b54       0x34 libbb/lib.a(xfuncs.o)
                0x0000000000407b54                itoa
 .text.bin2hex  0x0000000000407b88       0x5c libbb/lib.a(xfuncs.o)
                0x0000000000407b88                bin2hex
 .text.bb_xioctl
                0x0000000000407be4       0x40 libbb/lib.a(xfuncs.o)
                0x0000000000407be4                bb_xioctl
 .text.bb_ioctl_or_warn
                0x0000000000407c24       0x50 libbb/lib.a(xfuncs.o)
                0x0000000000407c24                bb_ioctl_or_warn
 .text.ioctl_or_perror
                0x0000000000407c74       0x80 libbb/lib.a(xfuncs.o)
                0x0000000000407c74                ioctl_or_perror
 .text.ioctl_or_perror_and_die
                0x0000000000407cf4       0x80 libbb/lib.a(xfuncs.o)
                0x0000000000407cf4                ioctl_or_perror_and_die
 .text.get_terminal_width_height
                0x0000000000407d74      0x124 libbb/lib.a(xfuncs.o)
                0x0000000000407d74                get_terminal_width_height
 .text.xstat    0x0000000000407e98       0x48 libbb/lib.a(xfuncs.o)
                0x0000000000407e98                xstat
 .text.xsendto  0x0000000000407ee0       0x48 libbb/lib.a(xfuncs.o)
                0x0000000000407ee0                xsendto
 .text.xlisten  0x0000000000407f28       0x3c libbb/lib.a(xfuncs.o)
                0x0000000000407f28                xlisten
 .text.xbind    0x0000000000407f64       0x3c libbb/lib.a(xfuncs.o)
                0x0000000000407f64                xbind
 .text.xsocket  0x0000000000407fa0       0x3c libbb/lib.a(xfuncs.o)
                0x0000000000407fa0                xsocket
 .text.xopendir
                0x0000000000407fdc       0x48 libbb/lib.a(xfuncs.o)
                0x0000000000407fdc                xopendir
 .text.warn_opendir
                0x0000000000408024       0x58 libbb/lib.a(xfuncs.o)
                0x0000000000408024                warn_opendir
 .text.xchroot  0x000000000040807c       0x48 libbb/lib.a(xfuncs.o)
                0x000000000040807c                xchroot
 .text.xchdir   0x00000000004080c4       0x48 libbb/lib.a(xfuncs.o)
                0x00000000004080c4                xchdir
 .text.xprint_and_close_file
                0x000000000040810c       0x8c libbb/lib.a(xfuncs.o)
                0x000000000040810c                xprint_and_close_file
 .text.xasprintf
                0x0000000000408198       0x60 libbb/lib.a(xfuncs.o)
                0x0000000000408198                xasprintf
 .text.bb_putchar
                0x00000000004081f8       0x14 libbb/lib.a(xfuncs.o)
                0x00000000004081f8                bb_putchar
 .text.xsetuid  0x000000000040820c       0x3c libbb/lib.a(xfuncs.o)
                0x000000000040820c                xsetuid
 .text.xsetgid  0x0000000000408248       0x3c libbb/lib.a(xfuncs.o)
                0x0000000000408248                xsetgid
 .text.xsetenv  0x0000000000408284       0x3c libbb/lib.a(xfuncs.o)
                0x0000000000408284                xsetenv
 .text.die_if_ferror
                0x00000000004082c0       0x48 libbb/lib.a(xfuncs.o)
                0x00000000004082c0                die_if_ferror
 .text.xlseek   0x0000000000408308       0x88 libbb/lib.a(xfuncs.o)
                0x0000000000408308                xlseek
 .text.xwrite   0x0000000000408390       0x50 libbb/lib.a(xfuncs.o)
                0x0000000000408390                xwrite
 .text.xdup2    0x00000000004083e0       0x44 libbb/lib.a(xfuncs.o)
                0x00000000004083e0                xdup2
 .text.xmove_fd
                0x0000000000408424       0x48 libbb/lib.a(xfuncs.o)
                0x0000000000408424                xmove_fd
 .text.ndelay_off
                0x000000000040846c       0x50 libbb/lib.a(xfuncs.o)
                0x000000000040846c                ndelay_off
 .text.close_on_exec_on
                0x00000000004084bc       0x14 libbb/lib.a(xfuncs.o)
                0x00000000004084bc                close_on_exec_on
 .text.ndelay_on
                0x00000000004084d0       0x4c libbb/lib.a(xfuncs.o)
                0x00000000004084d0                ndelay_on
 .text.xpipe    0x000000000040851c       0x3c libbb/lib.a(xfuncs.o)
                0x000000000040851c                xpipe
 .text.xrename  0x0000000000408558       0x58 libbb/lib.a(xfuncs.o)
                0x0000000000408558                xrename
 .text.xunlink  0x00000000004085b0       0x48 libbb/lib.a(xfuncs.o)
                0x00000000004085b0                xunlink
 .text.open3_or_warn
                0x00000000004085f8       0x58 libbb/lib.a(xfuncs.o)
                0x00000000004085f8                open3_or_warn
 .text.open_or_warn
                0x0000000000408650        0x8 libbb/lib.a(xfuncs.o)
                0x0000000000408650                open_or_warn
 .text.xopen3   0x0000000000408658       0x48 libbb/lib.a(xfuncs.o)
                0x0000000000408658                xopen3
 .text.xopen    0x00000000004086a0        0x8 libbb/lib.a(xfuncs.o)
                0x00000000004086a0                xopen
 .text.xfopen   0x00000000004086a8       0x48 libbb/lib.a(xfuncs.o)
                0x00000000004086a8                xfopen
 .text.xstrdup  0x00000000004086f0       0x48 libbb/lib.a(xfuncs.o)
                0x00000000004086f0                xstrdup
 .text.xrealloc
                0x0000000000408738       0x4c libbb/lib.a(xfuncs.o)
                0x0000000000408738                xrealloc
 .text.xmalloc  0x0000000000408784       0x4c libbb/lib.a(xfuncs.o)
                0x0000000000408784                xmalloc
 .text.xstrndup
                0x00000000004087d0       0x70 libbb/lib.a(xfuncs.o)
                0x00000000004087d0                xstrndup
 .text.xzalloc  0x0000000000408840       0x4c libbb/lib.a(xfuncs.o)
                0x0000000000408840                xzalloc
 .text.malloc_or_warn
                0x000000000040888c       0x58 libbb/lib.a(xfuncs.o)
                0x000000000040888c                malloc_or_warn
 .text.xmalloc_readlink
                0x00000000004088e4       0xc8 libbb/lib.a(xreadlink.o)
                0x00000000004088e4                xmalloc_readlink
 .text.xmalloc_readlink_or_warn
                0x00000000004089ac       0x50 libbb/lib.a(xreadlink.o)
                0x00000000004089ac                xmalloc_readlink_or_warn
 .text.xmalloc_follow_symlinks
                0x00000000004089fc      0x188 libbb/lib.a(xreadlink.o)
                0x00000000004089fc                xmalloc_follow_symlinks
 .text.bb_full_fd_action
                0x0000000000408b84      0x18c libbb/lib.a(copyfd.o)
 .text.bb_copyfd_eof
                0x0000000000408d10        0xc libbb/lib.a(copyfd.o)
                0x0000000000408d10                bb_copyfd_eof
 .text.bb_copyfd_size
                0x0000000000408d1c       0x1c libbb/lib.a(copyfd.o)
                0x0000000000408d1c                bb_copyfd_size
 .text.bb_copyfd_exact_size
                0x0000000000408d38       0x70 libbb/lib.a(copyfd.o)
                0x0000000000408d38                bb_copyfd_exact_size
 .text.bb_error_msg
                0x0000000000408da8       0x3c libbb/lib.a(error_msg.o)
                0x0000000000408da8                bb_error_msg
 .text.full_write
                0x0000000000408de4       0x8c libbb/lib.a(full_write.o)
                0x0000000000408de4                full_write
 .text.bb_perror_msg_and_die
                0x0000000000408e70       0x74 libbb/lib.a(perror_msg_and_die.o)
                0x0000000000408e70                bb_perror_msg_and_die
 .text.bb_simple_perror_msg_and_die
                0x0000000000408ee4       0x18 libbb/lib.a(perror_msg_and_die.o)
                0x0000000000408ee4                bb_simple_perror_msg_and_die
 .text.safe_read
                0x0000000000408efc       0x90 libbb/lib.a(read.o)
                0x0000000000408efc                safe_read
 .text.full_read
                0x0000000000408f8c       0x80 libbb/lib.a(read.o)
                0x0000000000408f8c                full_read
 .text.read_close
                0x000000000040900c       0x44 libbb/lib.a(read.o)
                0x000000000040900c                read_close
 .text.xmalloc_open_read_close
                0x0000000000409050      0x14c libbb/lib.a(read.o)
                0x0000000000409050                xmalloc_open_read_close
 .text.open_read_close
                0x000000000040919c       0x60 libbb/lib.a(read.o)
                0x000000000040919c                open_read_close
 .text.reads    0x00000000004091fc       0xcc libbb/lib.a(read.o)
                0x00000000004091fc                reads
 .text.xread    0x00000000004092c8       0x48 libbb/lib.a(read.o)
                0x00000000004092c8                xread
 .text.nonblock_safe_read
                0x0000000000409310       0xc4 libbb/lib.a(read.o)
                0x0000000000409310                nonblock_safe_read
 .text.safe_poll
                0x00000000004093d4       0xc4 libbb/lib.a(safe_poll.o)
                0x00000000004093d4                safe_poll
 .text.safe_write
                0x0000000000409498       0x90 libbb/lib.a(safe_write.o)
                0x0000000000409498                safe_write
 .text.adduser_main
                0x0000000000409528      0x3f0 loginutils/lib.a(adduser.o)
                0x0000000000409528                adduser_main
 .text.chpasswd_main
                0x0000000000409918      0x244 loginutils/lib.a(chpasswd.o)
                0x0000000000409918                chpasswd_main
 .text.del_line_matching
                0x0000000000409b5c      0x2c8 loginutils/lib.a(deluser.o)
 .text.deluser_main
                0x0000000000409e24       0xf8 loginutils/lib.a(deluser.o)
                0x0000000000409e24                deluser_main
 .text.bcode    0x0000000000409f1c       0x44 loginutils/lib.a(getty.o)
 .text.touch    0x0000000000409f60       0x6c loginutils/lib.a(getty.o)
 .text.getty_main
                0x0000000000409fcc      0xc58 loginutils/lib.a(getty.o)
                0x0000000000409fcc                getty_main
 .text.alarm_handler
                0x000000000040ac24       0x68 loginutils/lib.a(login.o)
 .text.login_main
                0x000000000040ac8c      0x7c4 loginutils/lib.a(login.o)
                0x000000000040ac8c                login_main
 .text.nuke_str
                0x000000000040b450       0x58 loginutils/lib.a(passwd.o)
 .text.passwd_main
                0x000000000040b4a8      0x620 loginutils/lib.a(passwd.o)
                0x000000000040b4a8                passwd_main
 .text.acquire_vt
                0x000000000040bac8       0x18 loginutils/lib.a(vlock.o)
 .text.release_vt
                0x000000000040bae0       0x20 loginutils/lib.a(vlock.o)
 .text.vlock_main
                0x000000000040bb00      0x2e4 loginutils/lib.a(vlock.o)
                0x000000000040bb00                vlock_main
 .text.show_min_max
                0x000000000040bde4       0xc0 miscutils/lib.a(chrt.o)
 .text.chrt_main
                0x000000000040bea4      0x290 miscutils/lib.a(chrt.o)
                0x000000000040bea4                chrt_main
 .text.DeleteFile
                0x000000000040c134      0x114 miscutils/lib.a(crond.o)
 .text.crondlog
                0x000000000040c248       0xc8 miscutils/lib.a(crond.o)
 .text.ParseField
                0x000000000040c310      0x32c miscutils/lib.a(crond.o)
 .text.SynchronizeFile
                0x000000000040c63c      0x390 miscutils/lib.a(crond.o)
 .text.SynchronizeDir
                0x000000000040c9cc      0x16c miscutils/lib.a(crond.o)
 .text.RunJob   0x000000000040cb38      0x1b8 miscutils/lib.a(crond.o)
 .text.crond_main
                0x000000000040ccf0      0x52c miscutils/lib.a(crond.o)
                0x000000000040ccf0                crond_main
 .text.edit_file
                0x000000000040d21c      0x190 miscutils/lib.a(crontab.o)
 .text.open_as_user
                0x000000000040d3ac       0xc8 miscutils/lib.a(crontab.o)
 .text.crontab_main
                0x000000000040d474      0x488 miscutils/lib.a(crontab.o)
                0x000000000040d474                crontab_main
 .text.eject_main
                0x000000000040d8fc      0x23c miscutils/lib.a(eject.o)
                0x000000000040d8fc                eject_main
 .text.parse_xfermode
                0x000000000040db38      0x11c miscutils/lib.a(hdparm.o)
 .text.parse_opts
                0x000000000040dc54       0x5c miscutils/lib.a(hdparm.o)
 .text.read_big_block
                0x000000000040dcb0       0x58 miscutils/lib.a(hdparm.o)
 .text.on_off   0x000000000040dd08       0x28 miscutils/lib.a(hdparm.o)
 .text.xprint_ascii
                0x000000000040dd30       0xec miscutils/lib.a(hdparm.o)
 .text.mode_loop
                0x000000000040de1c       0xf8 miscutils/lib.a(hdparm.o)
 .text.identify
                0x000000000040df14     0x1808 miscutils/lib.a(hdparm.o)
 .text.identify_from_stdin
                0x000000000040f71c       0xc0 miscutils/lib.a(hdparm.o)
 .text.print_flag_on_off
                0x000000000040f7dc       0x5c miscutils/lib.a(hdparm.o)
 .text.print_flag
                0x000000000040f838       0x30 miscutils/lib.a(hdparm.o)
 .text.print_value_on_off
                0x000000000040f868       0x44 miscutils/lib.a(hdparm.o)
 .text.ioctl_alt_func
                0x000000000040f8ac       0x98 miscutils/lib.a(hdparm.o)
 .text.seek_to_zero
                0x000000000040f944       0x30 miscutils/lib.a(hdparm.o)
 .text.flush_buffer_cache
                0x000000000040f974       0xa4 miscutils/lib.a(hdparm.o)
 .text.do_time  0x000000000040fa18      0x2e8 miscutils/lib.a(hdparm.o)
 .text.process_dev
                0x000000000040fd00     0x1950 miscutils/lib.a(hdparm.o)
 .text.hdparm_main
                0x0000000000411650      0x4b8 miscutils/lib.a(hdparm.o)
                0x0000000000411650                hdparm_main
 .text.last_main
                0x0000000000411b08      0x2b4 miscutils/lib.a(last.o)
                0x0000000000411b08                last_main
 .text.opp_bracket
                0x0000000000411dbc       0x88 miscutils/lib.a(less.o)
 .text.clear_line
                0x0000000000411e44       0x28 miscutils/lib.a(less.o)
 .text.print_statusline
                0x0000000000411e6c       0x4c miscutils/lib.a(less.o)
 .text.move_cursor
                0x0000000000411eb8       0x20 miscutils/lib.a(less.o)
 .text.print_hilite
                0x0000000000411ed8       0x1c miscutils/lib.a(less.o)
 .text.m_status_print
                0x0000000000411ef4      0x174 miscutils/lib.a(less.o)
 .text.fill_match_lines
                0x0000000000412068      0x120 miscutils/lib.a(less.o)
 .text.read_lines
                0x0000000000412188      0x480 miscutils/lib.a(less.o)
 .text.print_found
                0x0000000000412608      0x244 miscutils/lib.a(less.o)
 .text.print_ascii
                0x000000000041284c      0x1a4 miscutils/lib.a(less.o)
 .text.status_print
                0x00000000004129f0       0xe4 miscutils/lib.a(less.o)
 .text.buffer_print
                0x0000000000412ad4       0x8c miscutils/lib.a(less.o)
 .text.buffer_fill_and_print
                0x0000000000412b60       0x8c miscutils/lib.a(less.o)
 .text.reinitialize
                0x0000000000412bec      0x110 miscutils/lib.a(less.o)
 .text.change_file
                0x0000000000412cfc       0xbc miscutils/lib.a(less.o)
 .text.buffer_down
                0x0000000000412db8       0x90 miscutils/lib.a(less.o)
 .text.buffer_up
                0x0000000000412e48       0x34 miscutils/lib.a(less.o)
 .text.buffer_line
                0x0000000000412e7c       0x6c miscutils/lib.a(less.o)
 .text.goto_match
                0x0000000000412ee8       0xe0 miscutils/lib.a(less.o)
 .text.set_tty_cooked
                0x0000000000412fc8       0x48 miscutils/lib.a(less.o)
 .text.getch_nowait
                0x0000000000413010      0x180 miscutils/lib.a(less.o)
 .text.less_gets
                0x0000000000413190      0x164 miscutils/lib.a(less.o)
 .text.less_exit
                0x00000000004132f4       0x4c miscutils/lib.a(less.o)
 .text.sig_catcher
                0x0000000000413340        0x8 miscutils/lib.a(less.o)
 .text.examine_file
                0x0000000000413348       0xc8 miscutils/lib.a(less.o)
 .text.regex_process
                0x0000000000413410      0x1a8 miscutils/lib.a(less.o)
 .text.less_getch
                0x00000000004135b8      0x134 miscutils/lib.a(less.o)
 .text.less_main
                0x00000000004136ec      0x970 miscutils/lib.a(less.o)
                0x00000000004136ec                less_main
 .text.makedevs_main
                0x000000000041405c      0x674 miscutils/lib.a(makedevs.o)
                0x000000000041405c                makedevs_main
 .text.mountpoint_main
                0x00000000004146d0      0x2b0 miscutils/lib.a(mountpoint.o)
                0x00000000004146d0                mountpoint_main
 .text.runlevel_main
                0x0000000000414980       0xd8 miscutils/lib.a(runlevel.o)
                0x0000000000414980                runlevel_main
 .text.strings_main
                0x0000000000414a58      0x25c miscutils/lib.a(strings.o)
                0x0000000000414a58                strings_main
 .text.ptok     0x0000000000414cb4       0x34 miscutils/lib.a(time.o)
 .text.run_command
                0x0000000000414ce8      0x218 miscutils/lib.a(time.o)
 .text.time_main
                0x0000000000414f00      0x620 miscutils/lib.a(time.o)
                0x0000000000414f00                time_main
 .text.watchdog_main
                0x0000000000415520      0x130 miscutils/lib.a(watchdog.o)
                0x0000000000415520                watchdog_main
 .text.watchdog_shutdown
                0x0000000000415650       0x34 miscutils/lib.a(watchdog.o)
 .text.obj_find_symbol
                0x0000000000415684       0x88 modutils/lib.a(insmod.o)
 .text.obj_symbol_final_value
                0x000000000041570c       0x40 modutils/lib.a(insmod.o)
 .text.obj_elf_hash
                0x000000000041574c       0x70 modutils/lib.a(insmod.o)
 .text.arch_new_section
                0x00000000004157bc       0x10 modutils/lib.a(insmod.o)
 .text.arch_new_symbol
                0x00000000004157cc       0x24 modutils/lib.a(insmod.o)
 .text.obj_extend_section
                0x00000000004157f0       0x54 modutils/lib.a(insmod.o)
 .text.obj_load_order_prio
                0x0000000000415844       0xb0 modutils/lib.a(insmod.o)
 .text.obj_insert_section_load_order
                0x00000000004158f4       0x78 modutils/lib.a(insmod.o)
 .text.obj_find_section
                0x000000000041596c       0x98 modutils/lib.a(insmod.o)
 .text.obj_create_alloced_section
                0x0000000000415a04       0xe0 modutils/lib.a(insmod.o)
 .text.obj_symbol_patch
                0x0000000000415ae4       0x6c modutils/lib.a(insmod.o)
 .text.obj_allocate_commons
                0x0000000000415b50      0x308 modutils/lib.a(insmod.o)
 .text.obj_add_symbol
                0x0000000000415e58      0x258 modutils/lib.a(insmod.o)
 .text.obj_load
                0x00000000004160b0      0x53c modutils/lib.a(insmod.o)
 .text.get_modinfo_value
                0x00000000004165ec      0x13c modutils/lib.a(insmod.o)
 .text.obj_gpl_license
                0x0000000000416728      0x138 modutils/lib.a(insmod.o)
 .text.add_symbols_from
                0x0000000000416860      0x130 modutils/lib.a(insmod.o)
 .text.obj_string_patch
                0x0000000000416990       0xf4 modutils/lib.a(insmod.o)
 .text.new_create_module_ksymtab
                0x0000000000416a84      0x24c modutils/lib.a(insmod.o)
 .text.set_tainted
                0x0000000000416cd0      0x134 modutils/lib.a(insmod.o)
 .text.new_process_module_arguments
                0x0000000000416e04      0x660 modutils/lib.a(insmod.o)
 .text.print_load_map
                0x0000000000417464      0x338 modutils/lib.a(insmod.o)
 .text.insmod_main
                0x000000000041779c     0x1518 modutils/lib.a(insmod.o)
                0x000000000041779c                insmod_main
 .text.check_module_name_match
                0x0000000000418cb4       0x84 modutils/lib.a(insmod.o)
 .text.lsmod_main
                0x0000000000418d38      0x318 modutils/lib.a(lsmod.o)
                0x0000000000418d38                lsmod_main
 .text.append_option
                0x0000000000419050       0xa0 modutils/lib.a(modprobe.o)
 .text.already_loaded
                0x00000000004190f0      0x138 modutils/lib.a(modprobe.o)
 .text.parse_tag_value
                0x0000000000419228       0xbc modutils/lib.a(modprobe.o)
 .text.include_conf
                0x00000000004192e4      0x53c modutils/lib.a(modprobe.o)
 .text.build_dep
                0x0000000000419820      0x61c modutils/lib.a(modprobe.o)
 .text.check_pattern
                0x0000000000419e3c       0xc8 modutils/lib.a(modprobe.o)
 .text.check_dep
                0x0000000000419f04      0x240 modutils/lib.a(modprobe.o)
 .text.mod_process
                0x000000000041a144      0x2a8 modutils/lib.a(modprobe.o)
 .text.modprobe_main
                0x000000000041a3ec      0x2a0 modutils/lib.a(modprobe.o)
                0x000000000041a3ec                modprobe_main
 .text.rmmod_main
                0x000000000041a68c      0x1f4 modutils/lib.a(rmmod.o)
                0x000000000041a68c                rmmod_main
 .text.ether_wake_main
                0x000000000041a880      0x400 networking/lib.a(ether-wake.o)
                0x000000000041a880                ether_wake_main
 .text.ftp_die  0x000000000041ac80       0x64 networking/lib.a(ftpgetput.o)
 .text.ftpcmd   0x000000000041ace4      0x16c networking/lib.a(ftpgetput.o)
 .text.ftp_login
                0x000000000041ae50      0x128 networking/lib.a(ftpgetput.o)
 .text.ftpgetput_main
                0x000000000041af78      0x1a8 networking/lib.a(ftpgetput.o)
                0x000000000041af78                ftpgetput_main
 .text.xconnect_ftpdata
                0x000000000041b120       0xfc networking/lib.a(ftpgetput.o)
 .text.ftp_receive
                0x000000000041b21c      0x2a0 networking/lib.a(ftpgetput.o)
 .text.ftp_send
                0x000000000041b4bc      0x230 networking/lib.a(ftpgetput.o)
 .text.do_sethostname
                0x000000000041b6ec      0x128 networking/lib.a(hostname.o)
 .text.hostname_main
                0x000000000041b814      0x1cc networking/lib.a(hostname.o)
                0x000000000041b814                hostname_main
 .text.ifconfig_main
                0x000000000041b9e0      0x600 networking/lib.a(ifconfig.o)
                0x000000000041b9e0                ifconfig_main
 .text.dhcp_up  0x000000000041bfe0        0x8 networking/lib.a(ifupdown.o)
 .text.dhcp_down
                0x000000000041bfe8        0x8 networking/lib.a(ifupdown.o)
 .text.manual_up_down
                0x000000000041bff0        0x8 networking/lib.a(ifupdown.o)
 .text.check    0x000000000041bff8        0x8 networking/lib.a(ifupdown.o)
 .text.strncmpz
                0x000000000041c000       0x48 networking/lib.a(ifupdown.o)
 .text.find_iface_state
                0x000000000041c048       0xa8 networking/lib.a(ifupdown.o)
 .text.addstr   0x000000000041c0f0       0xa0 networking/lib.a(ifupdown.o)
 .text.execute  0x000000000041c190      0x3b8 networking/lib.a(ifupdown.o)
 .text.loopback_down6
                0x000000000041c548       0x18 networking/lib.a(ifupdown.o)
 .text.loopback_up6
                0x000000000041c560       0x18 networking/lib.a(ifupdown.o)
 .text.static_down6
                0x000000000041c578       0x18 networking/lib.a(ifupdown.o)
 .text.static_up6
                0x000000000041c590       0x94 networking/lib.a(ifupdown.o)
 .text.loopback_down
                0x000000000041c624       0x18 networking/lib.a(ifupdown.o)
 .text.loopback_up
                0x000000000041c63c       0x18 networking/lib.a(ifupdown.o)
 .text.bootp_up
                0x000000000041c654       0x18 networking/lib.a(ifupdown.o)
 .text.static_down
                0x000000000041c66c       0x74 networking/lib.a(ifupdown.o)
 .text.static_up
                0x000000000041c6e0       0x94 networking/lib.a(ifupdown.o)
 .text.ppp_down
                0x000000000041c774       0x18 networking/lib.a(ifupdown.o)
 .text.ppp_up   0x000000000041c78c       0x18 networking/lib.a(ifupdown.o)
 .text.wvdial_down
                0x000000000041c7a4       0x18 networking/lib.a(ifupdown.o)
 .text.wvdial_up
                0x000000000041c7bc       0x18 networking/lib.a(ifupdown.o)
 .text.next_word
                0x000000000041c7d4       0x90 networking/lib.a(ifupdown.o)
 .text.read_iface_state
                0x000000000041c864       0xf8 networking/lib.a(ifupdown.o)
 .text.ifupdown_main
                0x000000000041c95c      0x974 networking/lib.a(ifupdown.o)
                0x000000000041c95c                ifupdown_main
 .text.setlocalenv
                0x000000000041d2d0      0x13c networking/lib.a(ifupdown.o)
 .text.set_environ
                0x000000000041d40c      0x214 networking/lib.a(ifupdown.o)
 .text.doit     0x000000000041d620       0xf8 networking/lib.a(ifupdown.o)
 .text.execute_all
                0x000000000041d718       0xd0 networking/lib.a(ifupdown.o)
 .text.iface_up
                0x000000000041d7e8       0x9c networking/lib.a(ifupdown.o)
 .text.iface_down
                0x000000000041d884       0x9c networking/lib.a(ifupdown.o)
 .text.get_afntype
                0x000000000041d920       0x28 networking/lib.a(interface.o)
 .text.hexchar2int
                0x000000000041d948       0x34 networking/lib.a(interface.o)
 .text.in_ether
                0x000000000041d97c      0x110 networking/lib.a(interface.o)
 .text.get_hwntype
                0x000000000041da8c       0x28 networking/lib.a(interface.o)
                0x000000000041da8c                get_hwntype
 .text.add_interface
                0x000000000041dab4       0xd4 networking/lib.a(interface.o)
 .text.if_readconf
                0x000000000041db88      0x140 networking/lib.a(interface.o)
 .text.if_readlist_proc
                0x000000000041dcc8      0x36c networking/lib.a(interface.o)
 .text.INET6_input
                0x000000000041e034       0x10 networking/lib.a(interface.o)
 .text.INET_input
                0x000000000041e044       0x10 networking/lib.a(interface.o)
 .text.INET_sprint
                0x000000000041e054       0x88 networking/lib.a(interface.o)
 .text.UNSPEC_print
                0x000000000041e0dc       0xa8 networking/lib.a(interface.o)
 .text.UNSPEC_sprint
                0x000000000041e184       0x2c networking/lib.a(interface.o)
 .text.INET6_sprint
                0x000000000041e1b0       0x84 networking/lib.a(interface.o)
 .text.print_bytes_scaled
                0x000000000041e234       0xa4 networking/lib.a(interface.o)
 .text.ife_print
                0x000000000041e2d8      0x7f8 networking/lib.a(interface.o)
 .text.pr_ether
                0x000000000041ead0       0x7c networking/lib.a(interface.o)
 .text.do_if_fetch
                0x000000000041eb4c      0x47c networking/lib.a(interface.o)
 .text.display_interfaces
                0x000000000041efc8       0xf8 networking/lib.a(interface.o)
                0x000000000041efc8                display_interfaces
 .text.ip_main  0x000000000041f0c0       0x98 networking/lib.a(ip.o)
                0x000000000041f0c0                ip_main
 .text.ip_print_help
                0x000000000041f158       0x18 networking/lib.a(ip.o)
 .text.do_info  0x000000000041f170      0x1a0 networking/lib.a(netstat.o)
 .text.netstat_main
                0x000000000041f310      0x318 networking/lib.a(netstat.o)
                0x000000000041f310                netstat_main
 .text.build_ipv4_addr
                0x000000000041f628       0x40 networking/lib.a(netstat.o)
 .text.build_ipv6_addr
                0x000000000041f668       0xa0 networking/lib.a(netstat.o)
 .text.ip_port_str
                0x000000000041f708      0x104 networking/lib.a(netstat.o)
 .text.raw_do_one
                0x000000000041f80c      0x23c networking/lib.a(netstat.o)
 .text.udp_do_one
                0x000000000041fa48      0x254 networking/lib.a(netstat.o)
 .text.tcp_do_one
                0x000000000041fc9c      0x1f4 networking/lib.a(netstat.o)
 .text.unix_do_one
                0x000000000041fe90      0x340 networking/lib.a(netstat.o)
 .text.sendping4
                0x00000000004201d0      0x1e4 networking/lib.a(ping.o)
 .text.ping4    0x00000000004203b4      0x4f8 networking/lib.a(ping.o)
 .text.pingstats
                0x00000000004208ac      0x184 networking/lib.a(ping.o)
 .text.ping_main
                0x0000000000420a30      0x218 networking/lib.a(ping.o)
                0x0000000000420a30                ping_main
 .text.set_flags
                0x0000000000420c48       0x4c networking/lib.a(route.o)
 .text.kw_lookup
                0x0000000000420c94       0xc4 networking/lib.a(route.o)
 .text.INET6_displayroutes
                0x0000000000420d58      0x2d0 networking/lib.a(route.o)
 .text.bb_displayroutes
                0x0000000000421028      0x2c0 networking/lib.a(route.o)
                0x0000000000421028                bb_displayroutes
 .text.route_main
                0x00000000004212e8      0x944 networking/lib.a(route.o)
                0x00000000004212e8                route_main
 .text.make_new_session
                0x0000000000421c2c      0x2f0 networking/lib.a(telnetd.o)
 .text.free_session
                0x0000000000421f1c       0xe4 networking/lib.a(telnetd.o)
 .text.telnetd_main
                0x0000000000422000      0x788 networking/lib.a(telnetd.o)
                0x0000000000422000                telnetd_main
 .text.handle_sigchld
                0x0000000000422788       0x78 networking/lib.a(telnetd.o)
 .text.base64enc_512
                0x0000000000422800       0x68 networking/lib.a(wget.o)
 .text.parse_url
                0x0000000000422868      0x214 networking/lib.a(wget.o)
 .text.gethdr   0x0000000000422a7c      0x18c networking/lib.a(wget.o)
 .text.open_socket
                0x0000000000422c08       0x54 networking/lib.a(wget.o)
 .text.safe_fgets
                0x0000000000422c5c       0xd8 networking/lib.a(wget.o)
 .text.progressmeter
                0x0000000000422d34      0x4c8 networking/lib.a(wget.o)
 .text.ftpcmd   0x00000000004231fc      0x138 networking/lib.a(wget.o)
 .text.wget_main
                0x0000000000423334      0xd10 networking/lib.a(wget.o)
                0x0000000000423334                wget_main
 .text.pick     0x0000000000424044       0x88 networking/lib.a(zcip.o)
 .text.run      0x00000000004240cc      0x114 networking/lib.a(zcip.o)
 .text.arp      0x00000000004241e0      0x148 networking/lib.a(zcip.o)
 .text.zcip_main
                0x0000000000424328      0x72c networking/lib.a(zcip.o)
                0x0000000000424328                zcip_main
 .text.ip_parse_common_args
                0x0000000000424a54      0x170 networking/libiproute/lib.a(ip_parse_common_args.o)
                0x0000000000424a54                ip_parse_common_args
 .text.flush_update
                0x0000000000424bc4       0x68 networking/libiproute/lib.a(ipaddress.o)
 .text.store_nlmsg
                0x0000000000424c2c       0xac networking/libiproute/lib.a(ipaddress.o)
 .text.ipaddr_modify
                0x0000000000424cd8      0x648 networking/libiproute/lib.a(ipaddress.o)
 .text.print_addrinfo
                0x0000000000425320      0x77c networking/libiproute/lib.a(ipaddress.o)
 .text.ipaddr_list_or_flush
                0x0000000000425a9c      0xc54 networking/libiproute/lib.a(ipaddress.o)
                0x0000000000425a9c                ipaddr_list_or_flush
 .text.do_ipaddr
                0x00000000004266f0       0xb0 networking/libiproute/lib.a(ipaddress.o)
                0x00000000004266f0                do_ipaddr
 .text.die_must_be_on_off
                0x00000000004267a0       0x20 networking/libiproute/lib.a(iplink.o)
 .text.get_ctl_fd
                0x00000000004267c0       0x78 networking/libiproute/lib.a(iplink.o)
 .text.ipaddr_list_link
                0x0000000000426838       0x1c networking/libiproute/lib.a(iplink.o)
 .text.do_iplink
                0x0000000000426854      0x694 networking/libiproute/lib.a(iplink.o)
                0x0000000000426854                do_iplink
 .text.iproute_reset_filter
                0x0000000000426ee8       0x48 networking/libiproute/lib.a(iproute.o)
 .text.flush_update
                0x0000000000426f30       0x68 networking/libiproute/lib.a(iproute.o)
 .text.print_route
                0x0000000000426f98      0x960 networking/libiproute/lib.a(iproute.o)
 .text.iproute_get
                0x00000000004278f8      0x478 networking/libiproute/lib.a(iproute.o)
 .text.iproute_list_or_flush
                0x0000000000427d70      0x65c networking/libiproute/lib.a(iproute.o)
 .text.iproute_modify
                0x00000000004283cc      0x518 networking/libiproute/lib.a(iproute.o)
 .text.do_iproute
                0x00000000004288e4       0xf0 networking/libiproute/lib.a(iproute.o)
                0x00000000004288e4                do_iproute
 .text.parse_rtattr
                0x00000000004289d4       0x98 networking/libiproute/lib.a(libnetlink.o)
                0x00000000004289d4                parse_rtattr
 .text.rta_addattr32
                0x0000000000428a6c       0x90 networking/libiproute/lib.a(libnetlink.o)
                0x0000000000428a6c                rta_addattr32
 .text.addattr_l
                0x0000000000428afc       0x98 networking/libiproute/lib.a(libnetlink.o)
                0x0000000000428afc                addattr_l
 .text.addattr32
                0x0000000000428b94       0x90 networking/libiproute/lib.a(libnetlink.o)
                0x0000000000428b94                addattr32
 .text.xrtnl_dump_filter
                0x0000000000428c24      0x284 networking/libiproute/lib.a(libnetlink.o)
                0x0000000000428c24                xrtnl_dump_filter
 .text.xrtnl_open
                0x0000000000428ea8      0x100 networking/libiproute/lib.a(libnetlink.o)
                0x0000000000428ea8                xrtnl_open
 .text.rtnl_talk
                0x0000000000428fa8      0x334 networking/libiproute/lib.a(libnetlink.o)
                0x0000000000428fa8                rtnl_talk
 .text.rtnl_send
                0x00000000004292dc       0x44 networking/libiproute/lib.a(libnetlink.o)
                0x00000000004292dc                rtnl_send
 .text.xrtnl_wilddump_request
                0x0000000000429320       0x80 networking/libiproute/lib.a(libnetlink.o)
                0x0000000000429320                xrtnl_wilddump_request
 .text.ll_addr_a2n
                0x00000000004293a0      0x184 networking/libiproute/lib.a(ll_addr.o)
                0x00000000004293a0                ll_addr_a2n
 .text.ll_addr_n2a
                0x0000000000429524      0x16c networking/libiproute/lib.a(ll_addr.o)
                0x0000000000429524                ll_addr_n2a
 .text.find_by_index
                0x0000000000429690       0x34 networking/libiproute/lib.a(ll_map.o)
 .text.ll_index_to_flags
                0x00000000004296c4       0x34 networking/libiproute/lib.a(ll_map.o)
                0x00000000004296c4                ll_index_to_flags
 .text.ll_init_map
                0x00000000004296f8       0x58 networking/libiproute/lib.a(ll_map.o)
                0x00000000004296f8                ll_init_map
 .text.ll_idx_n2a
                0x0000000000429750       0x80 networking/libiproute/lib.a(ll_map.o)
                0x0000000000429750                ll_idx_n2a
 .text.ll_index_to_name
                0x00000000004297d0        0xc networking/libiproute/lib.a(ll_map.o)
                0x00000000004297d0                ll_index_to_name
 .text.xll_name_to_index
                0x00000000004297dc       0xc4 networking/libiproute/lib.a(ll_map.o)
                0x00000000004297dc                xll_name_to_index
 .text.ll_remember_index
                0x00000000004298a0      0x164 networking/libiproute/lib.a(ll_map.o)
                0x00000000004298a0                ll_remember_index
 .text.ll_type_n2a
                0x0000000000429a04       0xd4 networking/libiproute/lib.a(ll_types.o)
                0x0000000000429a04                ll_type_n2a
 .text.rtnl_tab_initialize
                0x0000000000429ad8      0x1e4 networking/libiproute/lib.a(rt_names.o)
 .text.rtnl_rtscope_initialize
                0x0000000000429cbc       0x98 networking/libiproute/lib.a(rt_names.o)
 .text.rtnl_rtscope_a2n
                0x0000000000429d54      0x138 networking/libiproute/lib.a(rt_names.o)
                0x0000000000429d54                rtnl_rtscope_a2n
 .text.rtnl_rtscope_n2a
                0x0000000000429e8c       0x94 networking/libiproute/lib.a(rt_names.o)
                0x0000000000429e8c                rtnl_rtscope_n2a
 .text.rtnl_rtprot_initialize
                0x0000000000429f20       0x78 networking/libiproute/lib.a(rt_names.o)
 .text.rtnl_rtprot_a2n
                0x0000000000429f98      0x138 networking/libiproute/lib.a(rt_names.o)
                0x0000000000429f98                rtnl_rtprot_a2n
 .text.rtnl_rtntype_a2n
                0x000000000042a0d0      0x128 networking/libiproute/lib.a(rtm_map.o)
                0x000000000042a0d0                rtnl_rtntype_a2n
 .text.rtnl_rtntype_n2a
                0x000000000042a1f8      0x108 networking/libiproute/lib.a(rtm_map.o)
                0x000000000042a1f8                rtnl_rtntype_n2a
 .text.rt_addr_n2a
                0x000000000042a300       0x3c networking/libiproute/lib.a(utils.o)
                0x000000000042a300                rt_addr_n2a
 .text.format_host
                0x000000000042a33c        0x8 networking/libiproute/lib.a(utils.o)
                0x000000000042a33c                format_host
 .text.inet_addr_match
                0x000000000042a344       0xc8 networking/libiproute/lib.a(utils.o)
                0x000000000042a344                inet_addr_match
 .text.duparg2  0x000000000042a40c       0x28 networking/libiproute/lib.a(utils.o)
                0x000000000042a40c                duparg2
 .text.duparg   0x000000000042a434       0x28 networking/libiproute/lib.a(utils.o)
                0x000000000042a434                duparg
 .text.invarg   0x000000000042a45c       0x28 networking/libiproute/lib.a(utils.o)
                0x000000000042a45c                invarg
 .text.incomplete_command
                0x000000000042a484       0x1c networking/libiproute/lib.a(utils.o)
                0x000000000042a484                incomplete_command
 .text.get_addr_1
                0x000000000042a4a0      0x1c8 networking/libiproute/lib.a(utils.o)
                0x000000000042a4a0                get_addr_1
 .text.get_addr
                0x000000000042a668       0x5c networking/libiproute/lib.a(utils.o)
                0x000000000042a668                get_addr
 .text.get_integer
                0x000000000042a6c4       0x7c networking/libiproute/lib.a(utils.o)
                0x000000000042a6c4                get_integer
 .text.get_prefix_1
                0x000000000042a740      0x140 networking/libiproute/lib.a(utils.o)
                0x000000000042a740                get_prefix_1
 .text.get_prefix
                0x000000000042a880       0x5c networking/libiproute/lib.a(utils.o)
                0x000000000042a880                get_prefix
 .text.get_unsigned
                0x000000000042a8dc       0x7c networking/libiproute/lib.a(utils.o)
                0x000000000042a8dc                get_unsigned
 .text.free_main
                0x000000000042a958      0x228 procps/lib.a(free.o)
                0x000000000042a958                free_main
 .text.search_dev_inode
                0x000000000042ab80       0x68 procps/lib.a(fuser.o)
 .text.file_to_dev_inode
                0x000000000042abe8       0x68 procps/lib.a(fuser.o)
 .text.add_inode
                0x000000000042ac50       0xbc procps/lib.a(fuser.o)
 .text.scan_proc_net
                0x000000000042ad0c      0x1e8 procps/lib.a(fuser.o)
 .text.add_pid  0x000000000042aef4       0x68 procps/lib.a(fuser.o)
 .text.scan_link
                0x000000000042af5c       0x80 procps/lib.a(fuser.o)
 .text.scan_dir_links
                0x000000000042afdc      0x104 procps/lib.a(fuser.o)
 .text.scan_pid_maps
                0x000000000042b0e0      0x158 procps/lib.a(fuser.o)
 .text.fuser_main
                0x000000000042b238      0x498 procps/lib.a(fuser.o)
                0x000000000042b238                fuser_main
 .text.kill_main
                0x000000000042b6d0      0x4c4 procps/lib.a(kill.o)
                0x000000000042b6d0                kill_main
 .text.pidof_main
                0x000000000042bb94      0x204 procps/lib.a(pidof.o)
                0x000000000042bb94                pidof_main
 .text.ps_main  0x000000000042bd98      0x1e4 procps/lib.a(ps.o)
                0x000000000042bd98                ps_main
 .text.renice_main
                0x000000000042bf7c      0x224 procps/lib.a(renice.o)
                0x000000000042bf7c                renice_main
 .text.sysctl_write_setting
                0x000000000042c1a0      0x250 procps/lib.a(sysctl.o)
 .text.sysctl_preload_file_and_exit
                0x000000000042c3f0      0x1b4 procps/lib.a(sysctl.o)
 .text.sysctl_read_setting
                0x000000000042c5a4      0x258 procps/lib.a(sysctl.o)
 .text.sysctl_display_all
                0x000000000042c7fc      0x148 procps/lib.a(sysctl.o)
 .text.sysctl_main
                0x000000000042c944      0x104 procps/lib.a(sysctl.o)
                0x000000000042c944                sysctl_main
 .text.pid_sort
                0x000000000042ca48       0x10 procps/lib.a(top.o)
 .text.mem_sort
                0x000000000042ca58       0x24 procps/lib.a(top.o)
 .text.pcpu_sort
                0x000000000042ca7c       0x10 procps/lib.a(top.o)
 .text.time_sort
                0x000000000042ca8c       0x24 procps/lib.a(top.o)
 .text.mult_lvl_cmp
                0x000000000042cab0       0x6c procps/lib.a(top.o)
 .text.topmem_sort
                0x000000000042cb1c       0x48 procps/lib.a(top.o)
 .text.reset_term
                0x000000000042cb64       0x1c procps/lib.a(top.o)
 .text.fmt_100percent_8
                0x000000000042cb80       0xcc procps/lib.a(top.o)
 .text.do_stats
                0x000000000042cc4c      0x2ac procps/lib.a(top.o)
 .text.display_process_list
                0x000000000042cef8      0x754 procps/lib.a(top.o)
 .text.grab_number
                0x000000000042d64c       0x88 procps/lib.a(top.o)
 .text.ulltoa6_and_space
                0x000000000042d6d4       0x3c procps/lib.a(top.o)
 .text.clearmems
                0x000000000042d710       0x50 procps/lib.a(top.o)
 .text.sig_catcher
                0x000000000042d760       0x20 procps/lib.a(top.o)
 .text.display_topmem_process_list
                0x000000000042d780      0x624 procps/lib.a(top.o)
 .text.top_main
                0x000000000042dda4      0x60c procps/lib.a(top.o)
                0x000000000042dda4                top_main
 .text.uptime_main
                0x000000000042e3b0      0x1a4 procps/lib.a(uptime.o)
                0x000000000042e3b0                uptime_main
 .text.watch_main
                0x000000000042e554      0x1dc procps/lib.a(watch.o)
                0x000000000042e554                watch_main
 .text.stunalloc
                0x000000000042e730       0x24 shell/lib.a(ash.o)
 .text.setstackmark
                0x000000000042e754       0x30 shell/lib.a(ash.o)
 .text.prefix   0x000000000042e784       0x30 shell/lib.a(ash.o)
 .text.is_number
                0x000000000042e7b4       0x2c shell/lib.a(ash.o)
 .text.varcmp   0x000000000042e7e0       0x4c shell/lib.a(ash.o)
 .text.varequal
                0x000000000042e82c       0x20 shell/lib.a(ash.o)
 .text.hashvar  0x000000000042e84c       0x50 shell/lib.a(ash.o)
 .text.vpcmp    0x000000000042e89c        0xc shell/lib.a(ash.o)
 .text.findvar  0x000000000042e8a8       0x54 shell/lib.a(ash.o)
 .text.setprompt
                0x000000000042e8fc       0x58 shell/lib.a(ash.o)
 .text.set_curjob
                0x000000000042e954       0x7c shell/lib.a(ash.o)
 .text.jobno    0x000000000042e9d0       0x24 shell/lib.a(ash.o)
 .text.getstatus
                0x000000000042e9f4       0x60 shell/lib.a(ash.o)
 .text.esclen   0x000000000042ea54       0x28 shell/lib.a(ash.o)
 .text.falsecmd
                0x000000000042ea7c        0x8 shell/lib.a(ash.o)
 .text.truecmd  0x000000000042ea84        0x8 shell/lib.a(ash.o)
 .text.bltincmd
                0x000000000042ea8c        0xc shell/lib.a(ash.o)
 .text.pungetc  0x000000000042ea98       0x24 shell/lib.a(ash.o)
 .text.changemail
                0x000000000042eabc       0x10 shell/lib.a(ash.o)
 .text.change_lc_ctype
                0x000000000042eacc       0x2c shell/lib.a(ash.o)
 .text.change_lc_all
                0x000000000042eaf8       0x2c shell/lib.a(ash.o)
 .text.freealias
                0x000000000042eb24       0x80 shell/lib.a(ash.o)
 .text.freeparam
                0x000000000042eba4       0x80 shell/lib.a(ash.o)
 .text.freefunc
                0x000000000042ec24       0x30 shell/lib.a(ash.o)
 .text.ignoresig
                0x000000000042ec54       0x64 shell/lib.a(ash.o)
 .text.raise_exception
                0x000000000042ecb8       0x38 shell/lib.a(ash.o)
 .text.raise_interrupt
                0x000000000042ecf0       0x8c shell/lib.a(ash.o)
 .text.int_on   0x000000000042ed7c       0x44 shell/lib.a(ash.o)
 .text.clearcmdentry
                0x000000000042edc0       0xe4 shell/lib.a(ash.o)
 .text.changepath
                0x000000000042eea4      0x154 shell/lib.a(ash.o)
 .text.popstackmark
                0x000000000042eff8       0xbc shell/lib.a(ash.o)
 .text.delete_cmd_entry
                0x000000000042f0b4       0x6c shell/lib.a(ash.o)
 .text.freejob  0x000000000042f120       0xc8 shell/lib.a(ash.o)
 .text.removerecordregions
                0x000000000042f1e8      0x164 shell/lib.a(ash.o)
 .text.force_int_on
                0x000000000042f34c       0x30 shell/lib.a(ash.o)
 .text.onsig    0x000000000042f37c       0x64 shell/lib.a(ash.o)
 .text.__lookupalias
                0x000000000042f3e0       0xa8 shell/lib.a(ash.o)
 .text.unalias  0x000000000042f488       0x60 shell/lib.a(ash.o)
 .text.popstring
                0x000000000042f4e8       0xf4 shell/lib.a(ash.o)
 .text.popfile  0x000000000042f5dc       0xc8 shell/lib.a(ash.o)
 .text.popallfiles
                0x000000000042f6a4       0x44 shell/lib.a(ash.o)
 .text.lookupalias
                0x000000000042f6e8       0x44 shell/lib.a(ash.o)
 .text.pstrcmp  0x000000000042f72c       0x14 shell/lib.a(ash.o)
 .text.flush_stdout_stderr
                0x000000000042f740       0x5c shell/lib.a(ash.o)
 .text.flush_stderr
                0x000000000042f79c       0x3c shell/lib.a(ash.o)
 .text.outcslow
                0x000000000042f7d8       0x54 shell/lib.a(ash.o)
 .text.ash_vmsg
                0x000000000042f82c      0x130 shell/lib.a(ash.o)
 .text.ash_vmsg_and_raise
                0x000000000042f95c       0x2c shell/lib.a(ash.o)
 .text.ash_msg_and_raise_error
                0x000000000042f988       0x2c shell/lib.a(ash.o)
 .text.copyfd   0x000000000042f9b4       0x60 shell/lib.a(ash.o)
 .text.popredir
                0x000000000042fa14      0x154 shell/lib.a(ash.o)
 .text.clearredir
                0x000000000042fb68       0x4c shell/lib.a(ash.o)
 .text.raise_error_syntax
                0x000000000042fbb4       0x18 shell/lib.a(ash.o)
 .text.nextopt  0x000000000042fbcc      0x108 shell/lib.a(ash.o)
 .text.unaliascmd
                0x000000000042fcd4      0x148 shell/lib.a(ash.o)
 .text.cdopt    0x000000000042fe1c       0x60 shell/lib.a(ash.o)
 .text.varunset
                0x000000000042fe7c       0x70 shell/lib.a(ash.o)
 .text.ash_msg_and_raise
                0x000000000042feec       0x20 shell/lib.a(ash.o)
 .text.showpipe
                0x000000000042ff0c       0x9c shell/lib.a(ash.o)
 .text.SIT      0x000000000042ffa8       0xb8 shell/lib.a(ash.o)
 .text.lookupvar
                0x0000000000430060       0x68 shell/lib.a(ash.o)
 .text.bltinlookup
                0x00000000004300c8       0x7c shell/lib.a(ash.o)
 .text.ckrealloc
                0x0000000000430144       0x34 shell/lib.a(ash.o)
 .text.ckmalloc
                0x0000000000430178        0xc shell/lib.a(ash.o)
 .text.stalloc  0x0000000000430184       0xc4 shell/lib.a(ash.o)
 .text.ckzalloc
                0x0000000000430248       0x38 shell/lib.a(ash.o)
 .text.pushfile
                0x0000000000430280       0x70 shell/lib.a(ash.o)
 .text.recordregion
                0x00000000004302f0       0xa0 shell/lib.a(ash.o)
 .text.stzalloc
                0x0000000000430390       0x38 shell/lib.a(ash.o)
 .text.makename
                0x00000000004303c8       0x3c shell/lib.a(ash.o)
 .text.fixredir
                0x0000000000430404       0x88 shell/lib.a(ash.o)
 .text.makejob  0x000000000043048c      0x1e8 shell/lib.a(ash.o)
 .text.ckstrdup
                0x0000000000430674       0x34 shell/lib.a(ash.o)
 .text.setvareq
                0x00000000004306a8      0x168 shell/lib.a(ash.o)
 .text.listsetvar
                0x0000000000430810       0x70 shell/lib.a(ash.o)
 .text.setparam
                0x0000000000430880       0xa8 shell/lib.a(ash.o)
 .text.setinputstring
                0x0000000000430928       0x70 shell/lib.a(ash.o)
 .text.pushstring
                0x0000000000430998       0xd0 shell/lib.a(ash.o)
 .text.calcsize
                0x0000000000430a68      0x140 shell/lib.a(ash.o)
 .text.sizenodelist
                0x0000000000430ba8       0x4c shell/lib.a(ash.o)
 .text.endofname
                0x0000000000430bf4       0x9c shell/lib.a(ash.o)
 .text.goodname
                0x0000000000430c90       0x24 shell/lib.a(ash.o)
 .text.isassignment
                0x0000000000430cb4       0x3c shell/lib.a(ash.o)
 .text.setvar   0x0000000000430cf0      0x12c shell/lib.a(ash.o)
 .text.unsetvar
                0x0000000000430e1c       0xf0 shell/lib.a(ash.o)
 .text.growstackblock
                0x0000000000430f0c      0x144 shell/lib.a(ash.o)
 .text.makestrspace
                0x0000000000431050       0x68 shell/lib.a(ash.o)
 .text.memtodest
                0x00000000004310b8       0xe0 shell/lib.a(ash.o)
 .text.cmdputs  0x0000000000431198      0x288 shell/lib.a(ash.o)
 .text.cmdtxt   0x0000000000431420      0x33c shell/lib.a(ash.o)
 .text.cmdlist  0x000000000043175c       0x7c shell/lib.a(ash.o)
 .text.localcmd
                0x00000000004317d8      0x194 shell/lib.a(ash.o)
 .text.stack_nputstr
                0x000000000043196c       0x54 shell/lib.a(ash.o)
 .text.stack_putstr
                0x00000000004319c0       0x44 shell/lib.a(ash.o)
 .text.ststrdup
                0x0000000000431a04       0x54 shell/lib.a(ash.o)
 .text.addfname
                0x0000000000431a58       0x54 shell/lib.a(ash.o)
 .text.setpwd   0x0000000000431aac      0x110 shell/lib.a(ash.o)
 .text.ash_msg  0x0000000000431bbc       0x30 shell/lib.a(ash.o)
 .text.outstr   0x0000000000431bec       0x38 shell/lib.a(ash.o)
 .text.out1str  0x0000000000431c24        0xc shell/lib.a(ash.o)
 .text.out2str  0x0000000000431c30       0x24 shell/lib.a(ash.o)
 .text.stoppedjobs
                0x0000000000431c54       0x64 shell/lib.a(ash.o)
 .text.out1fmt  0x0000000000431cb8       0x68 shell/lib.a(ash.o)
 .text.options  0x0000000000431d20      0x2c8 shell/lib.a(ash.o)
 .text.printlim
                0x0000000000431fe8       0x80 shell/lib.a(ash.o)
 .text.pwdcmd   0x0000000000432068       0x6c shell/lib.a(ash.o)
 .text.helpcmd  0x00000000004320d4       0xd4 shell/lib.a(ash.o)
 .text.setinputfile
                0x00000000004321a8      0x12c shell/lib.a(ash.o)
 .text.setsignal
                0x00000000004322d4      0x21c shell/lib.a(ash.o)
 .text.xtcsetpgrp
                0x00000000004324f0       0x34 shell/lib.a(ash.o)
 .text.setjobctl
                0x0000000000432524      0x258 shell/lib.a(ash.o)
 .text.optschanged
                0x000000000043277c       0xc8 shell/lib.a(ash.o)
 .text.pgetc    0x0000000000432844      0x2fc shell/lib.a(ash.o)
 .text.pgetc2   0x0000000000432b40       0x2c shell/lib.a(ash.o)
 .text.growstackstr
                0x0000000000432b6c       0x6c shell/lib.a(ash.o)
 .text._STPUTC  0x0000000000432bd8       0x44 shell/lib.a(ash.o)
 .text.listvars
                0x0000000000432c1c       0xf4 shell/lib.a(ash.o)
 .text.readcmd  0x0000000000432d10      0x2bc shell/lib.a(ash.o)
 .text.tokname  0x0000000000432fcc       0x88 shell/lib.a(ash.o)
 .text.raise_error_unexpected_syntax
                0x0000000000433054       0x8c shell/lib.a(ash.o)
 .text.findkwd  0x00000000004330e0       0x3c shell/lib.a(ash.o)
 .text.find_builtin
                0x000000000043311c       0x3c shell/lib.a(ash.o)
 .text.number   0x0000000000433158       0x44 shell/lib.a(ash.o)
 .text.shiftcmd
                0x000000000043319c       0xe0 shell/lib.a(ash.o)
 .text.returncmd
                0x000000000043327c       0x38 shell/lib.a(ash.o)
 .text.exitcmd  0x00000000004332b4       0x50 shell/lib.a(ash.o)
 .text.breakcmd
                0x0000000000433304       0x9c shell/lib.a(ash.o)
 .text.getjob   0x00000000004333a0      0x1cc shell/lib.a(ash.o)
 .text.fmtstr   0x000000000043356c       0x6c shell/lib.a(ash.o)
 .text.sprint_status
                0x00000000004335d8      0x118 shell/lib.a(ash.o)
 .text.dowait   0x00000000004336f0      0x1d8 shell/lib.a(ash.o)
 .text.waitcmd  0x00000000004338c8      0x178 shell/lib.a(ash.o)
 .text.waitforjob
                0x0000000000433a40       0xa8 shell/lib.a(ash.o)
 .text.fg_bgcmd
                0x0000000000433ae8      0x1a0 shell/lib.a(ash.o)
 .text.cvtnum   0x0000000000433c88       0x60 shell/lib.a(ash.o)
 .text.cmdlookup
                0x0000000000433ce8      0x110 shell/lib.a(ash.o)
 .text.unsetcmd
                0x0000000000433df8       0xdc shell/lib.a(ash.o)
 .text.padvance
                0x0000000000433ed4      0x188 shell/lib.a(ash.o)
 .text.showjob  0x000000000043405c      0x248 shell/lib.a(ash.o)
 .text.showjobs
                0x00000000004342a4       0x8c shell/lib.a(ash.o)
 .text.jobscmd  0x0000000000434330       0xc4 shell/lib.a(ash.o)
 .text.nodeckstrdup
                0x00000000004343f4       0x70 shell/lib.a(ash.o)
 .text.copynode
                0x0000000000434464      0x148 shell/lib.a(ash.o)
 .text.copynodelist
                0x00000000004345ac       0x74 shell/lib.a(ash.o)
 .text.umaskcmd
                0x0000000000434620      0x228 shell/lib.a(ash.o)
 .text.ulimitcmd
                0x0000000000434848      0x2c4 shell/lib.a(ash.o)
 .text.single_quote
                0x0000000000434b0c      0x134 shell/lib.a(ash.o)
 .text.printalias
                0x0000000000434c40       0x40 shell/lib.a(ash.o)
 .text.aliascmd
                0x0000000000434c80      0x1cc shell/lib.a(ash.o)
 .text.errmsg   0x0000000000434e4c       0x2c shell/lib.a(ash.o)
 .text.trapcmd  0x0000000000434e78      0x198 shell/lib.a(ash.o)
 .text.timescmd
                0x0000000000435010       0xe8 shell/lib.a(ash.o)
 .text.showvars
                0x00000000004350f8      0x120 shell/lib.a(ash.o)
 .text.setcmd   0x0000000000435218       0x98 shell/lib.a(ash.o)
 .text.exportcmd
                0x00000000004352b0      0x110 shell/lib.a(ash.o)
 .text.arith    0x00000000004353c0      0x780 shell/lib.a(ash.o)
 .text.dash_arith
                0x0000000000435b40       0xa8 shell/lib.a(ash.o)
 .text.letcmd   0x0000000000435be8       0x54 shell/lib.a(ash.o)
 .text.arith_lookup_val
                0x0000000000435c3c       0xd4 shell/lib.a(ash.o)
 .text.killcmd  0x0000000000435d10       0xfc shell/lib.a(ash.o)
 .text.tryexec  0x0000000000435e0c      0x144 shell/lib.a(ash.o)
 .text.shellexec
                0x0000000000435f50      0x158 shell/lib.a(ash.o)
 .text.execcmd  0x00000000004360a8       0x5c shell/lib.a(ash.o)
 .text.echocmd  0x0000000000436104       0x10 shell/lib.a(ash.o)
 .text.cdcmd    0x0000000000436114      0x468 shell/lib.a(ash.o)
 .text.testcmd  0x000000000043657c       0x10 shell/lib.a(ash.o)
 .text._rmescapes
                0x000000000043658c      0x1b4 shell/lib.a(ash.o)
 .text.parsefname
                0x0000000000436740      0x1a0 shell/lib.a(ash.o)
 .text.parse_command
                0x00000000004368e0      0x6f8 shell/lib.a(ash.o)
 .text.pipeline
                0x0000000000436fd8      0x124 shell/lib.a(ash.o)
 .text.list     0x00000000004370fc      0x218 shell/lib.a(ash.o)
 .text.readtoken1
                0x0000000000437314      0xe94 shell/lib.a(ash.o)
 .text.parseheredoc
                0x00000000004381a8       0xd4 shell/lib.a(ash.o)
 .text.xxreadtoken
                0x000000000043827c      0x260 shell/lib.a(ash.o)
 .text.readtoken
                0x00000000004384dc      0x12c shell/lib.a(ash.o)
 .text.peektoken
                0x0000000000438608       0x40 shell/lib.a(ash.o)
 .text.parsecmd
                0x0000000000438648       0x78 shell/lib.a(ash.o)